Archive member included to satisfy reference by file (symbol)

/usr/lib/gcc/arm-none-eabi/13.2.1/thumb/v6-m/nofp/libgcc.a(_dvmd_tls.o)
                              CMakeFiles/pioneer.dir/home/kunsh/.pico-sdk/sdk/2.2.0/src/rp2_common/pico_divider/divider_hardware.S.o (__aeabi_idiv0)
/usr/lib/gcc/arm-none-eabi/13.2.1/../../../arm-none-eabi/lib/thumb/v6-m/nofp/libg.a(libc_a-calloc.o)
                              CMakeFiles/pioneer.dir/home/kunsh/.pico-sdk/sdk/2.2.0/src/rp2_common/pico_malloc/malloc.c.o (calloc)
/usr/lib/gcc/arm-none-eabi/13.2.1/../../../arm-none-eabi/lib/thumb/v6-m/nofp/libg.a(libc_a-impure.o)
                              /usr/lib/gcc/arm-none-eabi/13.2.1/../../../arm-none-eabi/lib/thumb/v6-m/nofp/libg.a(libc_a-calloc.o) (_impure_ptr)
/usr/lib/gcc/arm-none-eabi/13.2.1/../../../arm-none-eabi/lib/thumb/v6-m/nofp/libg.a(libc_a-callocr.o)
                              /usr/lib/gcc/arm-none-eabi/13.2.1/../../../arm-none-eabi/lib/thumb/v6-m/nofp/libg.a(libc_a-calloc.o) (_calloc_r)
/usr/lib/gcc/arm-none-eabi/13.2.1/../../../arm-none-eabi/lib/thumb/v6-m/nofp/libg.a(libc_a-realloc.o)
                              CMakeFiles/pioneer.dir/home/kunsh/.pico-sdk/sdk/2.2.0/src/rp2_common/pico_malloc/malloc.c.o (realloc)
/usr/lib/gcc/arm-none-eabi/13.2.1/../../../arm-none-eabi/lib/thumb/v6-m/nofp/libg.a(libc_a-mallocr.o)
                              /usr/lib/gcc/arm-none-eabi/13.2.1/../../../arm-none-eabi/lib/thumb/v6-m/nofp/libg.a(libc_a-callocr.o) (_malloc_r)
/usr/lib/gcc/arm-none-eabi/13.2.1/../../../arm-none-eabi/lib/thumb/v6-m/nofp/libg.a(libc_a-freer.o)
                              /usr/lib/gcc/arm-none-eabi/13.2.1/../../../arm-none-eabi/lib/thumb/v6-m/nofp/libg.a(libc_a-mallocr.o) (_free_r)
/usr/lib/gcc/arm-none-eabi/13.2.1/../../../arm-none-eabi/lib/thumb/v6-m/nofp/libg.a(libc_a-memcmp.o)
                              CMakeFiles/pioneer.dir/home/kunsh/.pico-sdk/sdk/2.2.0/src/rp2_common/pico_atomic/atomic.c.o (memcmp)
/usr/lib/gcc/arm-none-eabi/13.2.1/../../../arm-none-eabi/lib/thumb/v6-m/nofp/libg.a(libc_a-malloc.o)
                              CMakeFiles/pioneer.dir/home/kunsh/.pico-sdk/sdk/2.2.0/src/rp2_common/pico_malloc/malloc.c.o (malloc)
/usr/lib/gcc/arm-none-eabi/13.2.1/../../../arm-none-eabi/lib/thumb/v6-m/nofp/libg.a(libc_a-sysconf.o)
                              /usr/lib/gcc/arm-none-eabi/13.2.1/../../../arm-none-eabi/lib/thumb/v6-m/nofp/libg.a(libc_a-mallocr.o) (sysconf)
/usr/lib/gcc/arm-none-eabi/13.2.1/../../../arm-none-eabi/lib/thumb/v6-m/nofp/libg.a(libc_a-init.o)
                              /usr/lib/gcc/arm-none-eabi/13.2.1/../../../arm-none-eabi/lib/thumb/v6-m/nofp/crt0.o (__libc_init_array)
/usr/lib/gcc/arm-none-eabi/13.2.1/../../../arm-none-eabi/lib/thumb/v6-m/nofp/libg.a(libc_a-reallocr.o)
                              /usr/lib/gcc/arm-none-eabi/13.2.1/../../../arm-none-eabi/lib/thumb/v6-m/nofp/libg.a(libc_a-realloc.o) (_realloc_r)
/usr/lib/gcc/arm-none-eabi/13.2.1/../../../arm-none-eabi/lib/thumb/v6-m/nofp/libg.a(libc_a-mktime.o)
                              CMakeFiles/pioneer.dir/home/kunsh/.pico-sdk/sdk/2.2.0/src/common/pico_util/datetime.c.o (mktime)
/usr/lib/gcc/arm-none-eabi/13.2.1/../../../arm-none-eabi/lib/thumb/v6-m/nofp/libg.a(libc_a-mlock.o)
                              /usr/lib/gcc/arm-none-eabi/13.2.1/../../../arm-none-eabi/lib/thumb/v6-m/nofp/libg.a(libc_a-mallocr.o) (__malloc_lock)
/usr/lib/gcc/arm-none-eabi/13.2.1/../../../arm-none-eabi/lib/thumb/v6-m/nofp/libg.a(libc_a-findfp.o)
                              /usr/lib/gcc/arm-none-eabi/13.2.1/../../../arm-none-eabi/lib/thumb/v6-m/nofp/libg.a(libc_a-impure.o) (__sf)
/usr/lib/gcc/arm-none-eabi/13.2.1/../../../arm-none-eabi/lib/thumb/v6-m/nofp/libg.a(libc_a-tzlock.o)
                              /usr/lib/gcc/arm-none-eabi/13.2.1/../../../arm-none-eabi/lib/thumb/v6-m/nofp/libg.a(libc_a-mktime.o) (__tz_lock)
/usr/lib/gcc/arm-none-eabi/13.2.1/../../../arm-none-eabi/lib/thumb/v6-m/nofp/libg.a(libc_a-ctype_.o)
                              CMakeFiles/pioneer.dir/home/kunsh/.pico-sdk/sdk/2.2.0/lib/tinyusb/src/tusb.c.o (_ctype_)
/usr/lib/gcc/arm-none-eabi/13.2.1/../../../arm-none-eabi/lib/thumb/v6-m/nofp/libg.a(libc_a-atexit.o)
                              /usr/lib/gcc/arm-none-eabi/13.2.1/../../../arm-none-eabi/lib/thumb/v6-m/nofp/crt0.o (atexit)
/usr/lib/gcc/arm-none-eabi/13.2.1/../../../arm-none-eabi/lib/thumb/v6-m/nofp/libg.a(libc_a-lcltime_r.o)
                              CMakeFiles/pioneer.dir/home/kunsh/.pico-sdk/sdk/2.2.0/src/common/pico_util/datetime.c.o (localtime_r)
/usr/lib/gcc/arm-none-eabi/13.2.1/../../../arm-none-eabi/lib/thumb/v6-m/nofp/libg.a(libc_a-strlen-stub.o)
                              CMakeFiles/pioneer.dir/home/kunsh/.pico-sdk/sdk/2.2.0/src/rp2_common/pico_stdio/stdio.c.o (strlen)
/usr/lib/gcc/arm-none-eabi/13.2.1/../../../arm-none-eabi/lib/thumb/v6-m/nofp/libg.a(libc_a-sbrkr.o)
[...]
Memory Configuration

Name             Origin             Length             Attributes
FLASH            0x10000000         0x00200000         xr
RAM              0x20000000         0x00040000         xrw
SCRATCH_X        0x20040000         0x00001000         xrw
SCRATCH_Y        0x20041000         0x00001000         xrw
*default*        0x00000000         0xffffffff

Linker script and memory map

LOAD /usr/lib/gcc/arm-none-eabi/13.2.1/thumb/v6-m/nofp/crti.o
LOAD /usr/lib/gcc/arm-none-eabi/13.2.1/thumb/v6-m/nofp/crtbegin.o
LOAD /usr/lib/gcc/arm-none-eabi/13.2.1/../../../arm-none-eabi/lib/thumb/v6-m/nofp/crt0.o

.flash_begin    0x10000000        0x0
                0x10000000                        __flash_binary_start = .

.boot2          0x10000000      0x100
                0x10000000                        __boot2_start__ = .
 *(.boot2)
 .boot2         0x10000000      0x100 pico-sdk/src/rp2040/boot_stage2/CMakeFiles/bs2_default_library.dir/bs2_default_padded_checksummed.S.o
                0x10000100                        __boot2_end__ = .
                0x00000001                        ASSERT (((__boot2_end__ - __boot2_start__) == 0x100), ERROR: Pico second stage bootloader must be 256 bytes in size)

.text           0x10000100     0x8760
                0x10000100                        __logical_binary_start = .
 *(.vectors)
 .vectors       0x10000100       0xd4 CMakeFiles/pioneer.dir/home/kunsh/.pico-sdk/sdk/2.2.0/src/rp2_common/pico_crt0/crt0.S.o
                0x10000100                __vectors
                0x10000100                __VECTOR_TABLE
                0x100001c0                isr_irq30
                0x100001c0                __unhandled_user_irq
                0x100001c0                isr_irq13
                0x100001c0                isr_irq27
                0x100001c0                isr_irq31
                0x100001c0                isr_irq5
                0x100001c0                isr_irq11
                0x100001c0                isr_irq23
                0x100001c0                isr_irq18
                0x100001c0                isr_irq28
                0x100001c0                isr_irq19
                0x100001c0                isr_irq0
                0x100001c0                isr_irq6
                0x100001c0                isr_irq22
                0x100001c0                isr_irq17
                0x100001c0                isr_irq14
                0x100001c0                __vectors_end
                0x100001c0                __default_isrs_start
                0x100001c0                isr_irq2
                0x100001c0                isr_irq10
                0x100001c0                isr_irq8
                0x100001c0                isr_irq24
                0x100001c0                isr_irq1
                0x100001c0                isr_irq7
                0x100001c0                isr_irq21
                0x100001c0                isr_irq20
                0x100001c0                isr_irq15
                0x100001c0                isr_irq25
                0x100001c0                isr_irq4
                0x100001c0                isr_irq16
                0x100001c0                isr_irq29
                0x100001c0                isr_irq26
                0x100001c0                isr_irq3
                0x100001c0                isr_irq12
                0x100001c0                isr_irq9
                0x100001c6                unhandled_user_irq_num_in_r0
                0x100001c8                isr_invalid
                0x100001ca                isr_nmi
                0x100001cc                isr_hardfault
                0x100001ce                isr_svcall
                0x100001d0                isr_pendsv
                0x100001d2                isr_systick
                0x100001d4                __default_isrs_end
 *(.binary_info_header)
 .binary_info_header
                0x100001d4       0x14 CMakeFiles/pioneer.dir/home/kunsh/.pico-sdk/sdk/2.2.0/src/rp2_common/pico_crt0/crt0.S.o
                0x100001e8                        __binary_info_header_end = .
 *(.embedded_block)
                0x100001e8                        __embedded_block_end = .
 *(.reset)
 .reset         0x100001e8       0x9c CMakeFiles/pioneer.dir/home/kunsh/.pico-sdk/sdk/2.2.0/src/rp2_common/pico_crt0/crt0.S.o
                0x100001e8                _entry_point
 *(.init)
 .init          0x10000284        0x4 /usr/lib/gcc/arm-none-eabi/13.2.1/thumb/v6-m/nofp/crti.o
                0x10000284                _init
 *(EXCLUDE_FILE(*libm.a: *libc.a:*lib_a-mem*.o *libgcc.a:) .text*)
 .text          0x10000288       0x98 /usr/lib/gcc/arm-none-eabi/13.2.1/thumb/v6-m/nofp/crtbegin.o
 .text.main     0x10000320       0x58 CMakeFiles/pioneer.dir/user/main.cpp.o
                0x10000320                main
 .text._ZN3ArkC2Ev
                0x10000378        0xc CMakeFiles/pioneer.dir/ARK/ark.cpp.o
                0x10000378                Ark::Ark()
                0x10000378                Ark::Ark()
 .text._ZN3ArkD2Ev
                0x10000384        0xc CMakeFiles/pioneer.dir/ARK/ark.cpp.o
                0x10000384                Ark::~Ark()
                0x10000384                Ark::~Ark()
 .text._ZN3Ark4InitEv
                0x10000390        0x8 CMakeFiles/pioneer.dir/ARK/ark.cpp.o
                0x10000390                Ark::Init()
 .text._ZN3Ark5StartEv
                0x10000398        0x8 CMakeFiles/pioneer.dir/ARK/ark.cpp.o
                0x10000398                Ark::Start()
 .text._Z6millisv
                0x100003a0       0x20 CMakeFiles/pioneer.dir/ARK/kernel/loops.cpp.o
                0x100003a0                millis()
 .text._Z10blink_testv
                0x100003c0       0x78 CMakeFiles/pioneer.dir/ARK/kernel/loops.cpp.o
                0x100003c0                blink_test()
 .text._ZN5LoopsC2Ev
                0x10000438       0x64 CMakeFiles/pioneer.dir/ARK/kernel/loops.cpp.o
                0x10000438                Loops::Loops()
                0x10000438                Loops::Loops()
 .text._ZN5Loops15StreamTelemetryEv
                0x1000049c       0x44 CMakeFiles/pioneer.dir/ARK/kernel/loops.cpp.o
                0x1000049c                Loops::StreamTelemetry()
 .text._ZN5Loops3RunEv
                0x100004e0       0xa4 CMakeFiles/pioneer.dir/ARK/kernel/loops.cpp.o
                0x100004e0                Loops::Run()
 .text._ZN13StatesManagerC2Ev
                0x10000584        0x6 CMakeFiles/pioneer.dir/ARK/kernel/statesmanager.cpp.o
                0x10000584                StatesManager::StatesManager()
                0x10000584                StatesManager::StatesManager()
 .text._ZN13StatesManagerD2Ev
                0x1000058a        0x2 CMakeFiles/pioneer.dir/ARK/kernel/statesmanager.cpp.o
                0x1000058a                StatesManager::~StatesManager()
                0x1000058a                StatesManager::~StatesManager()
 .text._ZN13StatesManager8SetStateE11FlightState
                0x1000058c        0x4 CMakeFiles/pioneer.dir/ARK/kernel/statesmanager.cpp.o
                0x1000058c                StatesManager::SetState(FlightState)
 .text._ZNK13StatesManager8GetStateEv
                0x10000590        0x4 CMakeFiles/pioneer.dir/ARK/kernel/statesmanager.cpp.o
                0x10000590                StatesManager::GetState() const
 .text._ZN13StatesManager10HandleBootEv
                0x10000594        0x2 CMakeFiles/pioneer.dir/ARK/kernel/statesmanager.cpp.o
                0x10000594                StatesManager::HandleBoot()
 .text._ZN13StatesManager10HandleIdleEv
                0x10000596        0x2 CMakeFiles/pioneer.dir/ARK/kernel/statesmanager.cpp.o
                0x10000596                StatesManager::HandleIdle()
 .text._ZN13StatesManager11HandleArmedEv
                0x10000598        0x2 CMakeFiles/pioneer.dir/ARK/kernel/statesmanager.cpp.o
                0x10000598                StatesManager::HandleArmed()
 .text._ZN13StatesManager12HandleLaunchEv
                0x1000059a        0x2 CMakeFiles/pioneer.dir/ARK/kernel/statesmanager.cpp.o
                0x1000059a                StatesManager::HandleLaunch()
 .text._ZN13StatesManager12HandleAscentEv
                0x1000059c        0x2 CMakeFiles/pioneer.dir/ARK/kernel/statesmanager.cpp.o
                0x1000059c                StatesManager::HandleAscent()
 .text._ZN13StatesManager14HandleCruisingEv
                0x1000059e        0x2 CMakeFiles/pioneer.dir/ARK/kernel/statesmanager.cpp.o
                0x1000059e                StatesManager::HandleCruising()
 .text._ZN13StatesManager12HandleApogeeEv
                0x100005a0        0x2 CMakeFiles/pioneer.dir/ARK/kernel/statesmanager.cpp.o
                0x100005a0                StatesManager::HandleApogee()
 .text._ZN13StatesManager16HandleDeploymentEv
                0x100005a2        0x2 CMakeFiles/pioneer.dir/ARK/kernel/statesmanager.cpp.o
                0x100005a2                StatesManager::HandleDeployment()
 .text._ZN13StatesManager13HandleDescentEv
                0x100005a4        0x2 CMakeFiles/pioneer.dir/ARK/kernel/statesmanager.cpp.o
                0x100005a4                StatesManager::HandleDescent()
 .text._ZN13StatesManager12HandleLandedEv
                0x100005a6        0x2 CMakeFiles/pioneer.dir/ARK/kernel/statesmanager.cpp.o
                0x100005a6                StatesManager::HandleLanded()
 .text._ZN13StatesManager14HandleFailsafeEv
                0x100005a8        0x2 CMakeFiles/pioneer.dir/ARK/kernel/statesmanager.cpp.o
                0x100005a8                StatesManager::HandleFailsafe()
 *fill*         0x100005aa        0x2 
 .text._ZN6BMP280C2EP8i2c_insth
                0x100005ac       0x14 CMakeFiles/pioneer.dir/ARK/modules/bmp/bmp.cpp.o
                0x100005ac                BMP280::BMP280(i2c_inst*, unsigned char)
                0x100005ac                BMP280::BMP280(i2c_inst*, unsigned char)
 .text._ZN6BMP28015ReadCalibrationEv
                0x100005c0       0xa8 CMakeFiles/pioneer.dir/ARK/modules/bmp/bmp.cpp.o
                0x100005c0                BMP280::ReadCalibration()
 .text._ZN6BMP2804InitEjjm
                0x10000668       0x8e CMakeFiles/pioneer.dir/ARK/modules/bmp/bmp.cpp.o
                0x10000668                BMP280::Init(unsigned int, unsigned int, unsigned long)
 .text._ZN6BMP28010GetRawDataERlS0_
                0x100006f6       0x58 CMakeFiles/pioneer.dir/ARK/modules/bmp/bmp.cpp.o
                0x100006f6                BMP280::GetRawData(long&, long&)
 .text._ZN6BMP28014CompensateTempEl
                0x1000074e       0x30 CMakeFiles/pioneer.dir/ARK/modules/bmp/bmp.cpp.o
                0x1000074e                BMP280::CompensateTemp(long)
 *fill*         0x1000077e        0x2 
 .text._ZN6BMP28015ReadTemperatureEv
                0x10000780       0x28 CMakeFiles/pioneer.dir/ARK/modules/bmp/bmp.cpp.o
                0x10000780                BMP280::ReadTemperature()
 .text._ZN6BMP28018CompensatePressureEl
                0x100007a8      0x160 CMakeFiles/pioneer.dir/ARK/modules/bmp/bmp.cpp.o
                0x100007a8                BMP280::CompensatePressure(long)
 .text._ZN6BMP28012ReadPressureEv
                0x10000908       0x30 CMakeFiles/pioneer.dir/ARK/modules/bmp/bmp.cpp.o
                0x10000908                BMP280::ReadPressure()
 .text._ZN6BMP28012ReadAltitudeEf
                0x10000938       0x44 CMakeFiles/pioneer.dir/ARK/modules/bmp/bmp.cpp.o
                0x10000938                BMP280::ReadAltitude(float)
 .text._ZN6BMP28017CalibrateSeaLevelEf
                0x1000097c       0x50 CMakeFiles/pioneer.dir/ARK/modules/bmp/bmp.cpp.o
                0x1000097c                BMP280::CalibrateSeaLevel(float)
 .text._ZN9WatchdogsC2Ev
                0x100009cc        0x8 CMakeFiles/pioneer.dir/ARK/system/watchdogs.cpp.o
                0x100009cc                Watchdogs::Watchdogs()
                0x100009cc                Watchdogs::Watchdogs()
 .text._ZN9Watchdogs4InitEm
                0x100009d4        0xe CMakeFiles/pioneer.dir/ARK/system/watchdogs.cpp.o
                0x100009d4                Watchdogs::Init(unsigned long)
 .text._ZN9Watchdogs5ResetEv
                0x100009e2        0xc CMakeFiles/pioneer.dir/ARK/system/watchdogs.cpp.o
                0x100009e2                Watchdogs::Reset()
 .text._ZN9Watchdogs13IsCheckFailedEv
                0x100009ee       0x16 CMakeFiles/pioneer.dir/ARK/system/watchdogs.cpp.o
                0x100009ee                Watchdogs::IsCheckFailed()
 .text.gpio_set_function
                0x10000a04       0x34 CMakeFiles/pioneer.dir/home/kunsh/.pico-sdk/sdk/2.2.0/src/rp2_common/hardware_gpio/gpio.c.o
                0x10000a04                gpio_set_function
 .text.gpio_set_pulls
                0x10000a38       0x38 CMakeFiles/pioneer.dir/home/kunsh/.pico-sdk/sdk/2.2.0/src/rp2_common/hardware_gpio/gpio.c.o
                0x10000a38                gpio_set_pulls
 .text.gpio_init
                0x10000a70       0x16 CMakeFiles/pioneer.dir/home/kunsh/.pico-sdk/sdk/2.2.0/src/rp2_common/hardware_gpio/gpio.c.o
                0x10000a70                gpio_init
 *fill*         0x10000a86        0x2 
 .text.rp2040_chip_version
                0x10000a88       0x54 CMakeFiles/pioneer.dir/home/kunsh/.pico-sdk/sdk/2.2.0/src/rp2040/pico_platform/platform.c.o
                0x10000a88                rp2040_chip_version
 .text.panic    0x10000adc       0x30 CMakeFiles/pioneer.dir/home/kunsh/.pico-sdk/sdk/2.2.0/src/rp2_common/pico_platform_panic/panic.c.o
                0x10000adc                panic
 .text.hw_claim_lock
                0x10000b0c       0x18 CMakeFiles/pioneer.dir/home/kunsh/.pico-sdk/sdk/2.2.0/src/common/hardware_claim/claim.c.o
                0x10000b0c                hw_claim_lock
 .text.hw_claim_unlock
                0x10000b24       0x14 CMakeFiles/pioneer.dir/home/kunsh/.pico-sdk/sdk/2.2.0/src/common/hardware_claim/claim.c.o
                0x10000b24                hw_claim_unlock
 .text.hw_claim_or_assert
                0x10000b38       0x32 CMakeFiles/pioneer.dir/home/kunsh/.pico-sdk/sdk/2.2.0/src/common/hardware_claim/claim.c.o
                0x10000b38                hw_claim_or_assert
 .text.hw_claim_unused_from_range
                0x10000b6a       0x50 CMakeFiles/pioneer.dir/home/kunsh/.pico-sdk/sdk/2.2.0/src/common/hardware_claim/claim.c.o
                0x10000b6a                hw_claim_unused_from_range
 *fill*         0x10000bba        0x2 
 .text.next_striped_spin_lock_num
                0x10000bbc       0x1c CMakeFiles/pioneer.dir/home/kunsh/.pico-sdk/sdk/2.2.0/src/rp2_common/hardware_sync/sync.c.o
                0x10000bbc                next_striped_spin_lock_num
 .text.spin_lock_claim_unused
                0x10000bd8       0x24 CMakeFiles/pioneer.dir/home/kunsh/.pico-sdk/sdk/2.2.0/src/rp2_common/hardware_sync/sync.c.o
                0x10000bd8                spin_lock_claim_unused
 .text.spin_locks_reset
                0x10000bfc       0x20 CMakeFiles/pioneer.dir/home/kunsh/.pico-sdk/sdk/2.2.0/src/rp2_common/hardware_sync_spin_lock/sync_spin_lock.c.o
                0x10000bfc                spin_locks_reset
 .text.set_raw_irq_handler_and_unlock
                0x10000c1c       0x28 CMakeFiles/pioneer.dir/home/kunsh/.pico-sdk/sdk/2.2.0/src/rp2_common/hardware_irq/irq.c.o
 .text.nvic_ipr0
                0x10000c44        0x8 CMakeFiles/pioneer.dir/home/kunsh/.pico-sdk/sdk/2.2.0/src/rp2_common/hardware_irq/irq.c.o
 .text.runtime_init_per_core_irq_priorities
                0x10000c4c       0x1c CMakeFiles/pioneer.dir/home/kunsh/.pico-sdk/sdk/2.2.0/src/rp2_common/hardware_irq/irq.c.o
                0x10000c4c                runtime_init_per_core_irq_priorities
 .text.resolve_j_16
                0x10000c68       0x30 CMakeFiles/pioneer.dir/home/kunsh/.pico-sdk/sdk/2.2.0/src/rp2_common/hardware_irq/irq.c.o
 .text.make_j_16
                0x10000c98       0x48 CMakeFiles/pioneer.dir/home/kunsh/.pico-sdk/sdk/2.2.0/src/rp2_common/hardware_irq/irq.c.o
 .text.insert_bl_32
                0x10000ce0       0x40 CMakeFiles/pioneer.dir/home/kunsh/.pico-sdk/sdk/2.2.0/src/rp2_common/hardware_irq/irq.c.o
 .text.irq_is_enabled
                0x10000d20       0x18 CMakeFiles/pioneer.dir/home/kunsh/.pico-sdk/sdk/2.2.0/src/rp2_common/hardware_irq/irq.c.o
                0x10000d20                irq_is_enabled
 .text.irq_set_mask_n_enabled
                0x10000d38       0x1c CMakeFiles/pioneer.dir/home/kunsh/.pico-sdk/sdk/2.2.0/src/rp2_common/hardware_irq/irq.c.o
                0x10000d38                irq_set_mask_n_enabled
 .text.irq_set_enabled
                0x10000d54       0x14 CMakeFiles/pioneer.dir/home/kunsh/.pico-sdk/sdk/2.2.0/src/rp2_common/hardware_irq/irq.c.o
                0x10000d54                irq_set_enabled
 .text.irq_set_pending
                0x10000d68       0x10 CMakeFiles/pioneer.dir/home/kunsh/.pico-sdk/sdk/2.2.0/src/rp2_common/hardware_irq/irq.c.o
                0x10000d68                irq_set_pending
 .text.irq_get_vtable_handler
                0x10000d78       0x10 CMakeFiles/pioneer.dir/home/kunsh/.pico-sdk/sdk/2.2.0/src/rp2_common/hardware_irq/irq.c.o
                0x10000d78                irq_get_vtable_handler
 .text.irq_has_shared_handler
                0x10000d88       0x1c CMakeFiles/pioneer.dir/home/kunsh/.pico-sdk/sdk/2.2.0/src/rp2_common/hardware_irq/irq.c.o
                0x10000d88                irq_has_shared_handler
 .text.irq_set_exclusive_handler
                0x10000da4       0x54 CMakeFiles/pioneer.dir/home/kunsh/.pico-sdk/sdk/2.2.0/src/rp2_common/hardware_irq/irq.c.o
                0x10000da4                irq_set_exclusive_handler
 .text.irq_add_shared_handler
                0x10000df8      0x218 CMakeFiles/pioneer.dir/home/kunsh/.pico-sdk/sdk/2.2.0/src/rp2_common/hardware_irq/irq.c.o
                0x10000df8                irq_add_shared_handler
 .text.irq_remove_handler
                0x10001010      0x18c CMakeFiles/pioneer.dir/home/kunsh/.pico-sdk/sdk/2.2.0/src/rp2_common/hardware_irq/irq.c.o
                0x10001010                irq_remove_handler
 .text.irq_add_tail_to_free_list
                0x1000119c       0xf4 CMakeFiles/pioneer.dir/home/kunsh/.pico-sdk/sdk/2.2.0/src/rp2_common/hardware_irq/irq.c.o
                0x1000119c                irq_add_tail_to_free_list
 .text.user_irq_claim_unused
                0x10001290       0x2c CMakeFiles/pioneer.dir/home/kunsh/.pico-sdk/sdk/2.2.0/src/rp2_common/hardware_irq/irq.c.o
                0x10001290                user_irq_claim_unused
 .text.lock_init
                0x100012bc       0x10 CMakeFiles/pioneer.dir/home/kunsh/.pico-sdk/sdk/2.2.0/src/common/pico_sync/lock_core.c.o
                0x100012bc                lock_init
 .text.mutex_init
                0x100012cc       0x1a CMakeFiles/pioneer.dir/home/kunsh/.pico-sdk/sdk/2.2.0/src/common/pico_sync/mutex.c.o
                0x100012cc                mutex_init
 .text.recursive_mutex_init
                0x100012e6       0x1e CMakeFiles/pioneer.dir/home/kunsh/.pico-sdk/sdk/2.2.0/src/common/pico_sync/mutex.c.o
                0x100012e6                recursive_mutex_init
 .text.runtime_init_mutex
                0x10001304       0x4c CMakeFiles/pioneer.dir/home/kunsh/.pico-sdk/sdk/2.2.0/src/common/pico_sync/mutex.c.o
                0x10001304                runtime_init_mutex
 .text.critical_section_init_with_lock_num
                0x10001350       0x14 CMakeFiles/pioneer.dir/home/kunsh/.pico-sdk/sdk/2.2.0/src/common/pico_sync/critical_section.c.o
                0x10001350                critical_section_init_with_lock_num
 .text.critical_section_init
                0x10001364       0x14 CMakeFiles/pioneer.dir/home/kunsh/.pico-sdk/sdk/2.2.0/src/common/pico_sync/critical_section.c.o
                0x10001364                critical_section_init
 .text.ta_set_timeout
                0x10001378       0x24 CMakeFiles/pioneer.dir/home/kunsh/.pico-sdk/sdk/2.2.0/src/common/pico_time/time.c.o
 .text.make_alarm_id
                0x1000139c        0x6 CMakeFiles/pioneer.dir/home/kunsh/.pico-sdk/sdk/2.2.0/src/common/pico_time/time.c.o
 *fill*         0x100013a2        0x2 
 .text.sleep_until_callback
                0x100013a4       0x30 CMakeFiles/pioneer.dir/home/kunsh/.pico-sdk/sdk/2.2.0/src/common/pico_time/time.c.o
 .text.alarm_pool_irq_handler
                0x100013d4      0x2e8 CMakeFiles/pioneer.dir/home/kunsh/.pico-sdk/sdk/2.2.0/src/common/pico_time/time.c.o
 .text.ta_enable_irq_handler
                0x100016bc       0x2c CMakeFiles/pioneer.dir/home/kunsh/.pico-sdk/sdk/2.2.0/src/common/pico_time/time.c.o
 .text.alarm_pool_post_alloc_init
                0x100016e8       0x78 CMakeFiles/pioneer.dir/home/kunsh/.pico-sdk/sdk/2.2.0/src/common/pico_time/time.c.o
 .text.alarm_pool_get_default
                0x10001760       0x2c CMakeFiles/pioneer.dir/home/kunsh/.pico-sdk/sdk/2.2.0/src/common/pico_time/time.c.o
                0x10001760                alarm_pool_get_default
 .text.alarm_pool_add_alarm_at_force_in_context
                0x1000178c       0xa4 CMakeFiles/pioneer.dir/home/kunsh/.pico-sdk/sdk/2.2.0/src/common/pico_time/time.c.o
                0x1000178c                alarm_pool_add_alarm_at_force_in_context
 .text.alarm_pool_add_alarm_at
                0x10001830       0x3c CMakeFiles/pioneer.dir/home/kunsh/.pico-sdk/sdk/2.2.0/src/common/pico_time/time.c.o
                0x10001830                alarm_pool_add_alarm_at
 .text.add_alarm_at
                0x1000186c       0x2e CMakeFiles/pioneer.dir/home/kunsh/.pico-sdk/sdk/2.2.0/src/common/pico_time/time.c.o
 *fill*         0x1000189a        0x2 
 .text.alarm_pool_cancel_alarm
                0x1000189c       0x78 CMakeFiles/pioneer.dir/home/kunsh/.pico-sdk/sdk/2.2.0/src/common/pico_time/time.c.o
                0x1000189c                alarm_pool_cancel_alarm
 .text.cancel_alarm
                0x10001914       0x10 CMakeFiles/pioneer.dir/home/kunsh/.pico-sdk/sdk/2.2.0/src/common/pico_time/time.c.o
 .text.alarm_pool_core_num
                0x10001924        0x4 CMakeFiles/pioneer.dir/home/kunsh/.pico-sdk/sdk/2.2.0/src/common/pico_time/time.c.o
                0x10001924                alarm_pool_core_num
 .text.sleep_until
                0x10001928       0xc0 CMakeFiles/pioneer.dir/home/kunsh/.pico-sdk/sdk/2.2.0/src/common/pico_time/time.c.o
                0x10001928                sleep_until
 .text.sleep_us
                0x100019e8       0x24 CMakeFiles/pioneer.dir/home/kunsh/.pico-sdk/sdk/2.2.0/src/common/pico_time/time.c.o
                0x100019e8                sleep_us
 .text.sleep_ms
                0x10001a0c       0x14 CMakeFiles/pioneer.dir/home/kunsh/.pico-sdk/sdk/2.2.0/src/common/pico_time/time.c.o
                0x10001a0c                sleep_ms
 .text.best_effort_wfe_or_timeout
                0x10001a20      0x12c CMakeFiles/pioneer.dir/home/kunsh/.pico-sdk/sdk/2.2.0/src/common/pico_time/time.c.o
                0x10001a20                best_effort_wfe_or_timeout
 .text.alarm_pool_get_default_timer
                0x10001b4c        0x8 CMakeFiles/pioneer.dir/home/kunsh/.pico-sdk/sdk/2.2.0/src/common/pico_time/time.c.o
                0x10001b4c                alarm_pool_get_default_timer
 .text.runtime_init_default_alarm_pool
                0x10001b54       0x38 CMakeFiles/pioneer.dir/home/kunsh/.pico-sdk/sdk/2.2.0/src/common/pico_time/time.c.o
                0x10001b54                runtime_init_default_alarm_pool
 .text.timer_hardware_alarm_claim
                0x10001b8c       0x14 CMakeFiles/pioneer.dir/home/kunsh/.pico-sdk/sdk/2.2.0/src/rp2_common/hardware_timer/timer.c.o
                0x10001b8c                timer_hardware_alarm_claim
 .text.timer_time_us_64
                0x10001ba0       0x10 CMakeFiles/pioneer.dir/home/kunsh/.pico-sdk/sdk/2.2.0/src/rp2_common/hardware_timer/timer.c.o
                0x10001ba0                timer_time_us_64
 .text.timer_busy_wait_until
                0x10001bb0       0x1a CMakeFiles/pioneer.dir/home/kunsh/.pico-sdk/sdk/2.2.0/src/rp2_common/hardware_timer/timer.c.o
                0x10001bb0                timer_busy_wait_until
 .text.timer_busy_wait_us
                0x10001bca       0x38 CMakeFiles/pioneer.dir/home/kunsh/.pico-sdk/sdk/2.2.0/src/rp2_common/hardware_timer/timer.c.o
                0x10001bca                timer_busy_wait_us
 *fill*         0x10001c02        0x2 
 .text.time_us_64
                0x10001c04       0x10 CMakeFiles/pioneer.dir/home/kunsh/.pico-sdk/sdk/2.2.0/src/rp2_common/hardware_timer/timer.c.o
                0x10001c04                time_us_64
 .text.busy_wait_us
                0x10001c14       0x14 CMakeFiles/pioneer.dir/home/kunsh/.pico-sdk/sdk/2.2.0/src/rp2_common/hardware_timer/timer.c.o
                0x10001c14                busy_wait_us
 .text.busy_wait_until
                0x10001c28       0x14 CMakeFiles/pioneer.dir/home/kunsh/.pico-sdk/sdk/2.2.0/src/rp2_common/hardware_timer/timer.c.o
                0x10001c28                busy_wait_until
 .text.uart_unreset
                0x10001c3c       0x2c CMakeFiles/pioneer.dir/home/kunsh/.pico-sdk/sdk/2.2.0/src/rp2_common/hardware_uart/uart.c.o
 .text.uart_disable_before_lcr_write
                0x10001c68       0x48 CMakeFiles/pioneer.dir/home/kunsh/.pico-sdk/sdk/2.2.0/src/rp2_common/hardware_uart/uart.c.o
 .text.uart_write_lcr_bits_masked
                0x10001cb0       0x20 CMakeFiles/pioneer.dir/home/kunsh/.pico-sdk/sdk/2.2.0/src/rp2_common/hardware_uart/uart.c.o
 .text.uart_set_baudrate
                0x10001cd0       0x5c CMakeFiles/pioneer.dir/home/kunsh/.pico-sdk/sdk/2.2.0/src/rp2_common/hardware_uart/uart.c.o
                0x10001cd0                uart_set_baudrate
 .text.uart_set_translate_crlf
                0x10001d2c       0x28 CMakeFiles/pioneer.dir/home/kunsh/.pico-sdk/sdk/2.2.0/src/rp2_common/hardware_uart/uart.c.o
                0x10001d2c                uart_set_translate_crlf
 .text.uart_init
                0x10001d54       0x64 CMakeFiles/pioneer.dir/home/kunsh/.pico-sdk/sdk/2.2.0/src/rp2_common/hardware_uart/uart.c.o
                0x10001d54                uart_init
 .text.clock_configure_internal
                0x10001db8       0xc4 CMakeFiles/pioneer.dir/home/kunsh/.pico-sdk/sdk/2.2.0/src/rp2_common/hardware_clocks/clocks.c.o
 .text.clock_configure_int_divider
                0x10001e7c       0x28 CMakeFiles/pioneer.dir/home/kunsh/.pico-sdk/sdk/2.2.0/src/rp2_common/hardware_clocks/clocks.c.o
                0x10001e7c                clock_configure_int_divider
 .text.clock_configure_undivided
                0x10001ea4       0x12 CMakeFiles/pioneer.dir/home/kunsh/.pico-sdk/sdk/2.2.0/src/rp2_common/hardware_clocks/clocks.c.o
                0x10001ea4                clock_configure_undivided
 *fill*         0x10001eb6        0x2 
 .text.clock_get_hz
                0x10001eb8        0xc CMakeFiles/pioneer.dir/home/kunsh/.pico-sdk/sdk/2.2.0/src/rp2_common/hardware_clocks/clocks.c.o
                0x10001eb8                clock_get_hz
 .text.pll_init
                0x10001ec4      0x124 CMakeFiles/pioneer.dir/home/kunsh/.pico-sdk/sdk/2.2.0/src/rp2_common/hardware_pll/pll.c.o
                0x10001ec4                pll_init
 .text.watchdog_update
                0x10001fe8       0x14 CMakeFiles/pioneer.dir/home/kunsh/.pico-sdk/sdk/2.2.0/src/rp2_common/hardware_watchdog/watchdog.c.o
                0x10001fe8                watchdog_update
 .text._watchdog_enable
                0x10001ffc       0x78 CMakeFiles/pioneer.dir/home/kunsh/.pico-sdk/sdk/2.2.0/src/rp2_common/hardware_watchdog/watchdog.c.o
                0x10001ffc                _watchdog_enable
 .text.watchdog_reboot
                0x10002074       0x48 CMakeFiles/pioneer.dir/home/kunsh/.pico-sdk/sdk/2.2.0/src/rp2_common/hardware_watchdog/watchdog.c.o
                0x10002074                watchdog_reboot
 .text.tick_start
                0x100020bc       0x10 CMakeFiles/pioneer.dir/home/kunsh/.pico-sdk/sdk/2.2.0/src/rp2_common/hardware_ticks/ticks.c.o
                0x100020bc                tick_start
 .text.rom_func_lookup
                0x100020cc       0x10 CMakeFiles/pioneer.dir/home/kunsh/.pico-sdk/sdk/2.2.0/src/rp2_common/pico_bootrom/bootrom.c.o
                0x100020cc                rom_func_lookup
 .text.rom_data_lookup
                0x100020dc       0x10 CMakeFiles/pioneer.dir/home/kunsh/.pico-sdk/sdk/2.2.0/src/rp2_common/pico_bootrom/bootrom.c.o
                0x100020dc                rom_data_lookup
 .text.rom_funcs_lookup
                0x100020ec       0x36 CMakeFiles/pioneer.dir/home/kunsh/.pico-sdk/sdk/2.2.0/src/rp2_common/pico_bootrom/bootrom.c.o
                0x100020ec                rom_funcs_lookup
 *fill*         0x10002122        0x2 
 .text.rom_reset_usb_boot_extra
                0x10002124       0x24 CMakeFiles/pioneer.dir/home/kunsh/.pico-sdk/sdk/2.2.0/src/rp2_common/pico_bootrom/bootrom.c.o
                0x10002124                rom_reset_usb_boot_extra
 .text.xosc_init
                0x10002148       0x2c CMakeFiles/pioneer.dir/home/kunsh/.pico-sdk/sdk/2.2.0/src/rp2_common/hardware_xosc/xosc.c.o
                0x10002148                xosc_init
 .text.runtime_run_initializers_from
                0x10002174       0x18 CMakeFiles/pioneer.dir/home/kunsh/.pico-sdk/sdk/2.2.0/src/rp2_common/pico_runtime/runtime.c.o
 .text.first_per_core_initializer
                0x1000218c        0x2 CMakeFiles/pioneer.dir/home/kunsh/.pico-sdk/sdk/2.2.0/src/rp2_common/pico_runtime/runtime.c.o
 *fill*         0x1000218e        0x2 
 .text.runtime_run_initializers
                0x10002190       0x10 CMakeFiles/pioneer.dir/home/kunsh/.pico-sdk/sdk/2.2.0/src/rp2_common/pico_runtime/runtime.c.o
                0x10002190                runtime_run_initializers
 .text.runtime_init_early_resets
                0x100021a0       0x2c CMakeFiles/pioneer.dir/home/kunsh/.pico-sdk/sdk/2.2.0/src/rp2_common/pico_runtime_init/runtime_init.c.o
                0x100021a0                runtime_init_early_resets
 .text.runtime_init_usb_power_down
                0x100021cc       0x1c CMakeFiles/pioneer.dir/home/kunsh/.pico-sdk/sdk/2.2.0/src/rp2_common/pico_runtime_init/runtime_init.c.o
                0x100021cc                runtime_init_usb_power_down
 .text.runtime_init_post_clock_resets
                0x100021e8       0x20 CMakeFiles/pioneer.dir/home/kunsh/.pico-sdk/sdk/2.2.0/src/rp2_common/pico_runtime_init/runtime_init.c.o
                0x100021e8                runtime_init_post_clock_resets
 .text.runtime_init_rp2040_gpio_ie_disable
                0x10002208       0x14 CMakeFiles/pioneer.dir/home/kunsh/.pico-sdk/sdk/2.2.0/src/rp2_common/pico_runtime_init/runtime_init.c.o
                0x10002208                runtime_init_rp2040_gpio_ie_disable
 .text.runtime_init_spin_locks_reset
                0x1000221c        0x8 CMakeFiles/pioneer.dir/home/kunsh/.pico-sdk/sdk/2.2.0/src/rp2_common/pico_runtime_init/runtime_init.c.o
                0x1000221c                runtime_init_spin_locks_reset
 .text.runtime_init_install_ram_vector_table
                0x10002224       0x48 CMakeFiles/pioneer.dir/home/kunsh/.pico-sdk/sdk/2.2.0/src/rp2_common/pico_runtime_init/runtime_init.c.o
                0x10002224                runtime_init_install_ram_vector_table
 .text.start_all_ticks
                0x1000226c       0x28 CMakeFiles/pioneer.dir/home/kunsh/.pico-sdk/sdk/2.2.0/src/rp2_common/pico_runtime_init/runtime_init_clocks.c.o
 .text.runtime_init_clocks
                0x10002294       0xcc CMakeFiles/pioneer.dir/home/kunsh/.pico-sdk/sdk/2.2.0/src/rp2_common/pico_runtime_init/runtime_init_clocks.c.o
                0x10002294                runtime_init_clocks
 .text          0x10002360       0x10 CMakeFiles/pioneer.dir/home/kunsh/.pico-sdk/sdk/2.2.0/src/rp2_common/pico_bit_ops/bit_ops_aeabi.S.o
 .text.__wrap___aeabi_idiv
                0x10002370       0x50 CMakeFiles/pioneer.dir/home/kunsh/.pico-sdk/sdk/2.2.0/src/rp2_common/pico_divider/divider_hardware.S.o
                0x10002370                __wrap___aeabi_idivmod
                0x10002370                divmod_s32s32
                0x10002370                div_s32s32
                0x10002370                __wrap___aeabi_idiv
                0x10002378                divmod_s32s32_unsafe
                0x100023a4                divmod_s32s32_savestate
 .text.__wrap___aeabi_uidiv
                0x100023c0       0x4c CMakeFiles/pioneer.dir/home/kunsh/.pico-sdk/sdk/2.2.0/src/rp2_common/pico_divider/divider_hardware.S.o
                0x100023c0                __wrap___aeabi_uidiv
                0x100023c0                __wrap___aeabi_uidivmod
                0x100023c0                div_u32u32
                0x100023c0                divmod_u32u32
                0x100023c8                divmod_u32u32_unsafe
                0x100023f0                divmod_u32u32_savestate
 .text.__wrap___aeabi_ldiv
                0x1000240c      0x424 CMakeFiles/pioneer.dir/home/kunsh/.pico-sdk/sdk/2.2.0/src/rp2_common/pico_divider/divider_hardware.S.o
                0x1000240c                div_s64s64
                0x1000240c                divmod_s64s64
                0x1000240c                __wrap___aeabi_ldivmod
                0x1000243c                div_u64u64
                0x1000243c                divmod_u64u64
                0x1000243c                __wrap___aeabi_uldivmod
                0x1000244c                divmod_u64u64_savestate
                0x1000246c                divmod_s64s64_unsafe
                0x100024f4                divmod_u64u64_unsafe
 .text.__wrap___aeabi_darithmetic
                0x10002830       0x80 CMakeFiles/pioneer.dir/home/kunsh/.pico-sdk/sdk/2.2.0/src/rp2_common/pico_double/double_aeabi_rp2040.S.o
                0x10002830                __wrap___aeabi_drsub
                0x10002836                __wrap___aeabi_dsub
                0x10002848                __wrap___aeabi_dadd
                0x1000285a                __wrap___aeabi_ddiv
                0x10002896                __wrap___aeabi_dmul
 .text.__wrap___aeabi_cdcmple
                0x100028b0       0x6c CMakeFiles/pioneer.dir/home/kunsh/.pico-sdk/sdk/2.2.0/src/rp2_common/pico_double/double_aeabi_rp2040.S.o
                0x100028b0                __wrap___aeabi_cdrcmple
                0x100028c0                __wrap___aeabi_cdcmple
                0x100028c0                __wrap___aeabi_cdcmpeq
 .text.__wrap___aeabi_dcmpeq
                0x1000291c       0x10 CMakeFiles/pioneer.dir/home/kunsh/.pico-sdk/sdk/2.2.0/src/rp2_common/pico_double/double_aeabi_rp2040.S.o
                0x1000291c                __wrap___aeabi_dcmpeq
 .text.__wrap___aeabi_dcmplt
                0x1000292c        0xc CMakeFiles/pioneer.dir/home/kunsh/.pico-sdk/sdk/2.2.0/src/rp2_common/pico_double/double_aeabi_rp2040.S.o
                0x1000292c                __wrap___aeabi_dcmplt
 .text.__wrap___aeabi_dcmple
                0x10002938       0x10 CMakeFiles/pioneer.dir/home/kunsh/.pico-sdk/sdk/2.2.0/src/rp2_common/pico_double/double_aeabi_rp2040.S.o
                0x10002938                __wrap___aeabi_dcmple
 .text.__wrap___aeabi_dcmpge
                0x10002948       0x10 CMakeFiles/pioneer.dir/home/kunsh/.pico-sdk/sdk/2.2.0/src/rp2_common/pico_double/double_aeabi_rp2040.S.o
                0x10002948                __wrap___aeabi_dcmpge
 .text.__wrap___aeabi_dcmpgt
                0x10002958        0xa CMakeFiles/pioneer.dir/home/kunsh/.pico-sdk/sdk/2.2.0/src/rp2_common/pico_double/double_aeabi_rp2040.S.o
                0x10002958                __wrap___aeabi_dcmpgt
 .text.__wrap___aeabi_dcmpun
                0x10002962       0x18 CMakeFiles/pioneer.dir/home/kunsh/.pico-sdk/sdk/2.2.0/src/rp2_common/pico_double/double_aeabi_rp2040.S.o
                0x10002962                __wrap___aeabi_dcmpun
 *fill*         0x1000297a        0x2 
 .text.__wrap___aeabi_i2d
                0x1000297c       0x38 CMakeFiles/pioneer.dir/home/kunsh/.pico-sdk/sdk/2.2.0/src/rp2_common/pico_double/double_aeabi_rp2040.S.o
                0x1000297c                __wrap___aeabi_ui2d
                0x1000297c                uint2double
                0x10002984                __wrap___aeabi_i2d
                0x10002984                int2double
 .text.__wrap___aeabi_d2iz
                0x100029b4       0x48 CMakeFiles/pioneer.dir/home/kunsh/.pico-sdk/sdk/2.2.0/src/rp2_common/pico_double/double_aeabi_rp2040.S.o
                0x100029b4                __wrap___aeabi_d2iz
                0x100029b4                double2int_z
 .text.__wrap___aeabi_d2uiz
                0x100029fc       0x18 CMakeFiles/pioneer.dir/home/kunsh/.pico-sdk/sdk/2.2.0/src/rp2_common/pico_double/double_aeabi_rp2040.S.o
                0x100029fc                double2uint_z
                0x100029fc                double2uint
                0x100029fc                __wrap___aeabi_d2uiz
 .text.__wrap___aeabi_d2f
                0x10002a14       0x18 CMakeFiles/pioneer.dir/home/kunsh/.pico-sdk/sdk/2.2.0/src/rp2_common/pico_double/double_aeabi_rp2040.S.o
                0x10002a14                __wrap___aeabi_d2f
 .text.__wrap_exp
                0x10002a2c       0x18 CMakeFiles/pioneer.dir/home/kunsh/.pico-sdk/sdk/2.2.0/src/rp2_common/pico_double/double_aeabi_rp2040.S.o
                0x10002a2c                __wrap_exp
 .text.__wrap_log
                0x10002a44       0x18 CMakeFiles/pioneer.dir/home/kunsh/.pico-sdk/sdk/2.2.0/src/rp2_common/pico_double/double_aeabi_rp2040.S.o
                0x10002a44                __wrap_log
 .text.__aeabi_double_init
                0x10002a5c       0xcc CMakeFiles/pioneer.dir/home/kunsh/.pico-sdk/sdk/2.2.0/src/rp2_common/pico_double/double_init_rom_rp2040.c.o
                0x10002a5c                __aeabi_double_init
 .text.dldexp   0x10002b28       0x50 CMakeFiles/pioneer.dir/home/kunsh/.pico-sdk/sdk/2.2.0/src/rp2_common/pico_double/double_math.c.o
 .text.disint   0x10002b78       0x60 CMakeFiles/pioneer.dir/home/kunsh/.pico-sdk/sdk/2.2.0/src/rp2_common/pico_double/double_math.c.o
 .text.disoddint
                0x10002bd8       0x7c CMakeFiles/pioneer.dir/home/kunsh/.pico-sdk/sdk/2.2.0/src/rp2_common/pico_double/double_math.c.o
 .text.dispo2   0x10002c54       0x28 CMakeFiles/pioneer.dir/home/kunsh/.pico-sdk/sdk/2.2.0/src/rp2_common/pico_double/double_math.c.o
 .text.dpow_int2
                0x10002c7c       0x2c CMakeFiles/pioneer.dir/home/kunsh/.pico-sdk/sdk/2.2.0/src/rp2_common/pico_double/double_math.c.o
 .text.dpowint_1
                0x10002ca8       0x24 CMakeFiles/pioneer.dir/home/kunsh/.pico-sdk/sdk/2.2.0/src/rp2_common/pico_double/double_math.c.o
 .text.dpow_1   0x10002ccc      0x1dc CMakeFiles/pioneer.dir/home/kunsh/.pico-sdk/sdk/2.2.0/src/rp2_common/pico_double/double_math.c.o
 .text.dpow_0   0x10002ea8       0xd8 CMakeFiles/pioneer.dir/home/kunsh/.pico-sdk/sdk/2.2.0/src/rp2_common/pico_double/double_math.c.o
 .text.__wrap_ldexp
                0x10002f80        0x8 CMakeFiles/pioneer.dir/home/kunsh/.pico-sdk/sdk/2.2.0/src/rp2_common/pico_double/double_math.c.o
                0x10002f80                __wrap_ldexp
 .text.__wrap_round
                0x10002f88       0x98 CMakeFiles/pioneer.dir/home/kunsh/.pico-sdk/sdk/2.2.0/src/rp2_common/pico_double/double_math.c.o
                0x10002f88                __wrap_round
 .text.__wrap_exp2
                0x10003020       0x88 CMakeFiles/pioneer.dir/home/kunsh/.pico-sdk/sdk/2.2.0/src/rp2_common/pico_double/double_math.c.o
                0x10003020                __wrap_exp2
 .text.__wrap_pow
                0x100030a8      0x168 CMakeFiles/pioneer.dir/home/kunsh/.pico-sdk/sdk/2.2.0/src/rp2_common/pico_double/double_math.c.o
                0x100030a8                __wrap_pow
 .text.double_table_shim_on_use_helper
                0x10003210       0x34 CMakeFiles/pioneer.dir/home/kunsh/.pico-sdk/sdk/2.2.0/src/rp2_common/pico_double/double_v1_rom_shim_rp2040.S.o
                0x10003210                double_table_shim_on_use_helper
 .text.__wrap___aeabi_dsub
                0x10003244       0x10 CMakeFiles/pioneer.dir/home/kunsh/.pico-sdk/sdk/2.2.0/src/rp2_common/pico_double/double_v1_rom_shim_rp2040.S.o
                0x10003244                drsub_shim
                0x1000324a                dsub_shim
 .text.dadd_shim
                0x10003254      0x15c CMakeFiles/pioneer.dir/home/kunsh/.pico-sdk/sdk/2.2.0/src/rp2_common/pico_double/double_v1_rom_shim_rp2040.S.o
                0x10003254                dadd_shim
 .text.dmul_shim
                0x100033b0      0x15c CMakeFiles/pioneer.dir/home/kunsh/.pico-sdk/sdk/2.2.0/src/rp2_common/pico_double/double_v1_rom_shim_rp2040.S.o
                0x100033b0                dmul_shim
 .text.ddiv_shim
                0x1000350c      0x1b0 CMakeFiles/pioneer.dir/home/kunsh/.pico-sdk/sdk/2.2.0/src/rp2_common/pico_double/double_v1_rom_shim_rp2040.S.o
                0x1000350c                ddiv_shim
 .text.double2uint_shim
                0x100036bc        0xe CMakeFiles/pioneer.dir/home/kunsh/.pico-sdk/sdk/2.2.0/src/rp2_common/pico_double/double_v1_rom_shim_rp2040.S.o
                0x100036bc                double2uint_shim
                0x100036be                double2ufix_shim
 *fill*         0x100036ca        0x2 
 .text.double2uint64_shim
                0x100036cc       0x70 CMakeFiles/pioneer.dir/home/kunsh/.pico-sdk/sdk/2.2.0/src/rp2_common/pico_double/double_v1_rom_shim_rp2040.S.o
                0x100036cc                double2uint64_shim
                0x100036ce                double2ufix64_shim
                0x100036ee                d2fix_a
 .text.double2float_shim
                0x1000373c       0x5c CMakeFiles/pioneer.dir/home/kunsh/.pico-sdk/sdk/2.2.0/src/rp2_common/pico_double/double_v1_rom_shim_rp2040.S.o
                0x1000373c                double2float_shim
 .text.x2double_shims
                0x10003798       0x90 CMakeFiles/pioneer.dir/home/kunsh/.pico-sdk/sdk/2.2.0/src/rp2_common/pico_double/double_v1_rom_shim_rp2040.S.o
                0x10003798                uint2double_shim
                0x1000379a                ufix2double_shim
                0x100037a0                int2double_shim
                0x100037a2                fix2double_shim
                0x100037a8                uint642double_shim
                0x100037aa                ufix642double_shim
                0x100037b0                int642double_shim
                0x100037b2                fix642double_shim
 .text.dunpacks
                0x10003828       0x3c CMakeFiles/pioneer.dir/home/kunsh/.pico-sdk/sdk/2.2.0/src/rp2_common/pico_double/double_v1_rom_shim_rp2040.S.o
                0x10003828                dunpacks
 .text.dreduce  0x10003864       0x82 CMakeFiles/pioneer.dir/home/kunsh/.pico-sdk/sdk/2.2.0/src/rp2_common/pico_double/double_v1_rom_shim_rp2040.S.o
                0x10003864                dreduce
 *fill*         0x100038e6        0x2 
 .text.dexp_guts
                0x100038e8      0x268 CMakeFiles/pioneer.dir/home/kunsh/.pico-sdk/sdk/2.2.0/src/rp2_common/pico_double/double_v1_rom_shim_rp2040.S.o
                0x100038e8                dexp_shim
                0x10003984                dln_shim
 .text.__aeabi_lmul
                0x10003b50       0x32 CMakeFiles/pioneer.dir/home/kunsh/.pico-sdk/sdk/2.2.0/src/rp2_common/pico_int64_ops/pico_int64_ops_aeabi.S.o
                0x10003b50                __wrap___aeabi_lmul
 *fill*         0x10003b82        0x2 
 .text.__wrap___aeabi_farithmetic
                0x10003b84       0x58 CMakeFiles/pioneer.dir/home/kunsh/.pico-sdk/sdk/2.2.0/src/rp2_common/pico_float/float_aeabi_rp2040.S.o
                0x10003b84                __wrap___aeabi_frsub
                0x10003b8a                __wrap___aeabi_fsub
                0x10003b94                __wrap___aeabi_fadd
                0x10003b9e                __wrap___aeabi_fdiv
                0x10003bca                __wrap___aeabi_fmul
 .text.__wrap___aeabi_ui2f
                0x10003bdc        0xa CMakeFiles/pioneer.dir/home/kunsh/.pico-sdk/sdk/2.2.0/src/rp2_common/pico_float/float_aeabi_rp2040.S.o
                0x10003bdc                uint2float
                0x10003bdc                __wrap___aeabi_ui2f
 *fill*         0x10003be6        0x2 
 .text.__wrap___aeabi_i2f
                0x10003be8       0x44 CMakeFiles/pioneer.dir/home/kunsh/.pico-sdk/sdk/2.2.0/src/rp2_common/pico_float/float_aeabi_rp2040.S.o
                0x10003be8                int2float
                0x10003be8                __wrap___aeabi_i2f
 .text.__wrap___aeabi_f2d
                0x10003c2c       0x14 CMakeFiles/pioneer.dir/home/kunsh/.pico-sdk/sdk/2.2.0/src/rp2_common/pico_float/float_aeabi_rp2040.S.o
                0x10003c2c                __wrap___aeabi_f2d
 .text.__aeabi_float_init
                0x10003c40       0xfc CMakeFiles/pioneer.dir/home/kunsh/.pico-sdk/sdk/2.2.0/src/rp2_common/pico_float/float_init_rom_rp2040.c.o
                0x10003c40                __aeabi_float_init
 .text.float_table_shim_on_use_helper
                0x10003d3c       0x34 CMakeFiles/pioneer.dir/home/kunsh/.pico-sdk/sdk/2.2.0/src/rp2_common/pico_float/float_v1_rom_shim_rp2040.S.o
                0x10003d3c                float_table_shim_on_use_helper
 .text.float2double_shim
                0x10003d70       0x30 CMakeFiles/pioneer.dir/home/kunsh/.pico-sdk/sdk/2.2.0/src/rp2_common/pico_float/float_v1_rom_shim_rp2040.S.o
                0x10003d70                float2double_shim
 .text          0x10003da0       0x10 CMakeFiles/pioneer.dir/home/kunsh/.pico-sdk/sdk/2.2.0/src/rp2_common/pico_mem_ops/mem_ops_aeabi.S.o
                0x10003da0                __aeabi_mem_init
 .text.memset   0x10003db0        0xc CMakeFiles/pioneer.dir/home/kunsh/.pico-sdk/sdk/2.2.0/src/rp2_common/pico_mem_ops/mem_ops_aeabi.S.o
                0x10003db0                __wrap_memset
 .text.memcpy   0x10003dbc        0xc CMakeFiles/pioneer.dir/home/kunsh/.pico-sdk/sdk/2.2.0/src/rp2_common/pico_mem_ops/mem_ops_aeabi.S.o
                0x10003dbc                __wrap___aeabi_memcpy
                0x10003dbc                __wrap_memcpy
 .text._out_null
                0x10003dc8        0x2 CMakeFiles/pioneer.dir/home/kunsh/.pico-sdk/sdk/2.2.0/src/rp2_common/pico_printf/printf.c.o
 .text._out_fct
                0x10003dca        0xe CMakeFiles/pioneer.dir/home/kunsh/.pico-sdk/sdk/2.2.0/src/rp2_common/pico_printf/printf.c.o
 .text._atoi    0x10003dd8       0x24 CMakeFiles/pioneer.dir/home/kunsh/.pico-sdk/sdk/2.2.0/src/rp2_common/pico_printf/printf.c.o
 .text._out_rev
                0x10003dfc       0xae CMakeFiles/pioneer.dir/home/kunsh/.pico-sdk/sdk/2.2.0/src/rp2_common/pico_printf/printf.c.o
 .text._ntoa_format
                0x10003eaa      0x110 CMakeFiles/pioneer.dir/home/kunsh/.pico-sdk/sdk/2.2.0/src/rp2_common/pico_printf/printf.c.o
 .text._ntoa_long
                0x10003fba       0xbc CMakeFiles/pioneer.dir/home/kunsh/.pico-sdk/sdk/2.2.0/src/rp2_common/pico_printf/printf.c.o
 .text._ntoa_long_long
                0x10004076      0x10e CMakeFiles/pioneer.dir/home/kunsh/.pico-sdk/sdk/2.2.0/src/rp2_common/pico_printf/printf.c.o
 .text._etoa    0x10004184      0x420 CMakeFiles/pioneer.dir/home/kunsh/.pico-sdk/sdk/2.2.0/src/rp2_common/pico_printf/printf.c.o
 .text._ftoa    0x100045a4      0x354 CMakeFiles/pioneer.dir/home/kunsh/.pico-sdk/sdk/2.2.0/src/rp2_common/pico_printf/printf.c.o
 .text._vsnprintf
                0x100048f8      0x668 CMakeFiles/pioneer.dir/home/kunsh/.pico-sdk/sdk/2.2.0/src/rp2_common/pico_printf/printf.c.o
 .text.vfctprintf
                0x10004f60       0x20 CMakeFiles/pioneer.dir/home/kunsh/.pico-sdk/sdk/2.2.0/src/rp2_common/pico_printf/printf.c.o
                0x10004f60                vfctprintf
 .text._exit    0x10004f80        0x4 CMakeFiles/pioneer.dir/home/kunsh/.pico-sdk/sdk/2.2.0/src/rp2_common/pico_clib_interface/newlib_interface.c.o
                0x10004f80                _exit
 .text.exit     0x10004f84        0x6 CMakeFiles/pioneer.dir/home/kunsh/.pico-sdk/sdk/2.2.0/src/rp2_common/pico_clib_interface/newlib_interface.c.o
                0x10004f84                exit
 *fill*         0x10004f8a        0x2 
 .text.__assert_func
                0x10004f8c       0x38 CMakeFiles/pioneer.dir/home/kunsh/.pico-sdk/sdk/2.2.0/src/rp2_common/pico_clib_interface/newlib_interface.c.o
                0x10004f8c                __assert_func
 .text.runtime_init
                0x10004fc4       0x28 CMakeFiles/pioneer.dir/home/kunsh/.pico-sdk/sdk/2.2.0/src/rp2_common/pico_clib_interface/newlib_interface.c.o
                0x10004fc4                runtime_init
 .text.stdio_out_chars_no_crlf
                0x10004fec        0xe CMakeFiles/pioneer.dir/home/kunsh/.pico-sdk/sdk/2.2.0/src/rp2_common/pico_stdio/stdio.c.o
 *fill*         0x10004ffa        0x2 
 .text.stdio_out_chars_crlf
                0x10004ffc       0x80 CMakeFiles/pioneer.dir/home/kunsh/.pico-sdk/sdk/2.2.0/src/rp2_common/pico_stdio/stdio.c.o
 .text.stdio_stack_buffer_flush
                0x1000507c       0x44 CMakeFiles/pioneer.dir/home/kunsh/.pico-sdk/sdk/2.2.0/src/rp2_common/pico_stdio/stdio.c.o
 .text.stdio_buffered_printer
                0x100050c0       0x20 CMakeFiles/pioneer.dir/home/kunsh/.pico-sdk/sdk/2.2.0/src/rp2_common/pico_stdio/stdio.c.o
 .text.stdout_serialize_begin
                0x100050e0       0x30 CMakeFiles/pioneer.dir/home/kunsh/.pico-sdk/sdk/2.2.0/src/rp2_common/pico_stdio/stdio.c.o
                0x100050e0                stdout_serialize_begin
 .text.stdout_serialize_end
                0x10005110       0x10 CMakeFiles/pioneer.dir/home/kunsh/.pico-sdk/sdk/2.2.0/src/rp2_common/pico_stdio/stdio.c.o
                0x10005110                stdout_serialize_end
 .text.stdio_put_string
                0x10005120       0x94 CMakeFiles/pioneer.dir/home/kunsh/.pico-sdk/sdk/2.2.0/src/rp2_common/pico_stdio/stdio.c.o
                0x10005120                stdio_put_string
 .text.stdio_set_driver_enabled
                0x100051b4       0x2c CMakeFiles/pioneer.dir/home/kunsh/.pico-sdk/sdk/2.2.0/src/rp2_common/pico_stdio/stdio.c.o
                0x100051b4                stdio_set_driver_enabled
 .text.stdio_flush
                0x100051e0       0x20 CMakeFiles/pioneer.dir/home/kunsh/.pico-sdk/sdk/2.2.0/src/rp2_common/pico_stdio/stdio.c.o
                0x100051e0                stdio_flush
 .text.stdio_init_all
                0x10005200        0xe CMakeFiles/pioneer.dir/home/kunsh/.pico-sdk/sdk/2.2.0/src/rp2_common/pico_stdio/stdio.c.o
                0x10005200                stdio_init_all
 .text.__wrap_puts
                0x1000520e       0x1e CMakeFiles/pioneer.dir/home/kunsh/.pico-sdk/sdk/2.2.0/src/rp2_common/pico_stdio/stdio.c.o
                0x1000520e                __wrap_puts
                0x1000520e                stdio_puts
 .text.__wrap_vprintf
                0x1000522c       0x40 CMakeFiles/pioneer.dir/home/kunsh/.pico-sdk/sdk/2.2.0/src/rp2_common/pico_stdio/stdio.c.o
                0x1000522c                __wrap_vprintf
                0x1000522c                stdio_vprintf
 .text.__wrap_printf
                0x1000526c       0x18 CMakeFiles/pioneer.dir/home/kunsh/.pico-sdk/sdk/2.2.0/src/rp2_common/pico_stdio/stdio.c.o
                0x1000526c                stdio_printf
                0x1000526c                __wrap_printf
 .text.uart_putc
                0x10005284       0x60 CMakeFiles/pioneer.dir/home/kunsh/.pico-sdk/sdk/2.2.0/src/rp2_common/pico_stdio_uart/stdio_uart.c.o
 .text.uart_getc
                0x100052e4       0x24 CMakeFiles/pioneer.dir/home/kunsh/.pico-sdk/sdk/2.2.0/src/rp2_common/pico_stdio_uart/stdio_uart.c.o
 .text.stdio_uart_out_chars
                0x10005308       0x20 CMakeFiles/pioneer.dir/home/kunsh/.pico-sdk/sdk/2.2.0/src/rp2_common/pico_stdio_uart/stdio_uart.c.o
 .text.stdio_uart_in_chars
                0x10005328       0x5c CMakeFiles/pioneer.dir/home/kunsh/.pico-sdk/sdk/2.2.0/src/rp2_common/pico_stdio_uart/stdio_uart.c.o
                0x10005328                stdio_uart_in_chars
 .text.on_uart_rx
                0x10005384       0x28 CMakeFiles/pioneer.dir/home/kunsh/.pico-sdk/sdk/2.2.0/src/rp2_common/pico_stdio_uart/stdio_uart.c.o
 .text.stdio_uart_out_flush
                0x100053ac       0x10 CMakeFiles/pioneer.dir/home/kunsh/.pico-sdk/sdk/2.2.0/src/rp2_common/pico_stdio_uart/stdio_uart.c.o
 .text.stdio_uart_set_chars_available_callback
                0x100053bc       0x90 CMakeFiles/pioneer.dir/home/kunsh/.pico-sdk/sdk/2.2.0/src/rp2_common/pico_stdio_uart/stdio_uart.c.o
 .text.stdio_uart_init_full
                0x1000544c       0x44 CMakeFiles/pioneer.dir/home/kunsh/.pico-sdk/sdk/2.2.0/src/rp2_common/pico_stdio_uart/stdio_uart.c.o
                0x1000544c                stdio_uart_init_full
 .text.stdio_uart_init
                0x10005490       0x30 CMakeFiles/pioneer.dir/home/kunsh/.pico-sdk/sdk/2.2.0/src/rp2_common/pico_stdio_uart/stdio_uart.c.o
                0x10005490                stdio_uart_init
 .text.resetd_init
                0x100054c0        0x2 CMakeFiles/pioneer.dir/home/kunsh/.pico-sdk/sdk/2.2.0/src/rp2_common/pico_stdio_usb/reset_interface.c.o
 *fill*         0x100054c2        0x2 
 .text.resetd_reset
                0x100054c4        0xc CMakeFiles/pioneer.dir/home/kunsh/.pico-sdk/sdk/2.2.0/src/rp2_common/pico_stdio_usb/reset_interface.c.o
 .text.resetd_open
                0x100054d0       0x34 CMakeFiles/pioneer.dir/home/kunsh/.pico-sdk/sdk/2.2.0/src/rp2_common/pico_stdio_usb/reset_interface.c.o
 .text.resetd_xfer_cb
                0x10005504        0x4 CMakeFiles/pioneer.dir/home/kunsh/.pico-sdk/sdk/2.2.0/src/rp2_common/pico_stdio_usb/reset_interface.c.o
 .text.resetd_control_xfer_cb
                0x10005508       0x60 CMakeFiles/pioneer.dir/home/kunsh/.pico-sdk/sdk/2.2.0/src/rp2_common/pico_stdio_usb/reset_interface.c.o
 .text.tud_descriptor_bos_cb
                0x10005568        0x8 CMakeFiles/pioneer.dir/home/kunsh/.pico-sdk/sdk/2.2.0/src/rp2_common/pico_stdio_usb/reset_interface.c.o
                0x10005568                tud_descriptor_bos_cb
 .text.tud_vendor_control_xfer_cb
                0x10005570       0x38 CMakeFiles/pioneer.dir/home/kunsh/.pico-sdk/sdk/2.2.0/src/rp2_common/pico_stdio_usb/reset_interface.c.o
                0x10005570                tud_vendor_control_xfer_cb
 .text.usbd_app_driver_get_cb
                0x100055a8        0xc CMakeFiles/pioneer.dir/home/kunsh/.pico-sdk/sdk/2.2.0/src/rp2_common/pico_stdio_usb/reset_interface.c.o
                0x100055a8                usbd_app_driver_get_cb
 .text.tud_cdc_line_coding_cb
                0x100055b4       0x2c CMakeFiles/pioneer.dir/home/kunsh/.pico-sdk/sdk/2.2.0/src/rp2_common/pico_stdio_usb/reset_interface.c.o
                0x100055b4                tud_cdc_line_coding_cb
 .text.stdio_usb_set_chars_available_callback
                0x100055e0       0x14 CMakeFiles/pioneer.dir/home/kunsh/.pico-sdk/sdk/2.2.0/src/rp2_common/pico_stdio_usb/stdio_usb.c.o
                0x100055e0                stdio_usb_set_chars_available_callback
 .text.stdio_usb_out_flush
                0x100055f4       0x4c CMakeFiles/pioneer.dir/home/kunsh/.pico-sdk/sdk/2.2.0/src/rp2_common/pico_stdio_usb/stdio_usb.c.o
 .text.usb_irq  0x10005640       0x10 CMakeFiles/pioneer.dir/home/kunsh/.pico-sdk/sdk/2.2.0/src/rp2_common/pico_stdio_usb/stdio_usb.c.o
 .text.timer_task
                0x10005650       0x6c CMakeFiles/pioneer.dir/home/kunsh/.pico-sdk/sdk/2.2.0/src/rp2_common/pico_stdio_usb/stdio_usb.c.o
 .text.alarm_pool_add_alarm_in_us
                0x100056bc       0x40 CMakeFiles/pioneer.dir/home/kunsh/.pico-sdk/sdk/2.2.0/src/rp2_common/pico_stdio_usb/stdio_usb.c.o
 .text.add_alarm_in_us
                0x100056fc       0x2e CMakeFiles/pioneer.dir/home/kunsh/.pico-sdk/sdk/2.2.0/src/rp2_common/pico_stdio_usb/stdio_usb.c.o
 *fill*         0x1000572a        0x2 
 .text.low_priority_worker_irq
                0x1000572c       0xac CMakeFiles/pioneer.dir/home/kunsh/.pico-sdk/sdk/2.2.0/src/rp2_common/pico_stdio_usb/stdio_usb.c.o
 .text.stdio_usb_init
                0x100057d8       0xe0 CMakeFiles/pioneer.dir/home/kunsh/.pico-sdk/sdk/2.2.0/src/rp2_common/pico_stdio_usb/stdio_usb.c.o
                0x100057d8                stdio_usb_init
 .text.stdio_usb_connected
                0x100058b8        0xa CMakeFiles/pioneer.dir/home/kunsh/.pico-sdk/sdk/2.2.0/src/rp2_common/pico_stdio_usb/stdio_usb.c.o
                0x100058b8                stdio_usb_connected
 *fill*         0x100058c2        0x2 
 .text.stdio_usb_in_chars
                0x100058c4       0x98 CMakeFiles/pioneer.dir/home/kunsh/.pico-sdk/sdk/2.2.0/src/rp2_common/pico_stdio_usb/stdio_usb.c.o
                0x100058c4                stdio_usb_in_chars
 .text.stdio_usb_out_chars
                0x1000595c       0xe8 CMakeFiles/pioneer.dir/home/kunsh/.pico-sdk/sdk/2.2.0/src/rp2_common/pico_stdio_usb/stdio_usb.c.o
 .text.tud_descriptor_device_cb
                0x10005a44        0x8 CMakeFiles/pioneer.dir/home/kunsh/.pico-sdk/sdk/2.2.0/src/rp2_common/pico_stdio_usb/stdio_usb_descriptors.c.o
                0x10005a44                tud_descriptor_device_cb
 .text.tud_descriptor_configuration_cb
                0x10005a4c        0x8 CMakeFiles/pioneer.dir/home/kunsh/.pico-sdk/sdk/2.2.0/src/rp2_common/pico_stdio_usb/stdio_usb_descriptors.c.o
                0x10005a4c                tud_descriptor_configuration_cb
 .text.tud_descriptor_string_cb
                0x10005a54       0x6c CMakeFiles/pioneer.dir/home/kunsh/.pico-sdk/sdk/2.2.0/src/rp2_common/pico_stdio_usb/stdio_usb_descriptors.c.o
                0x10005a54                tud_descriptor_string_cb
 .text._retrieve_unique_id_on_boot
                0x10005ac0       0x10 CMakeFiles/pioneer.dir/home/kunsh/.pico-sdk/sdk/2.2.0/src/rp2_common/pico_unique_id/unique_id.c.o
 .text.pico_get_unique_board_id_string
                0x10005ad0       0x5c CMakeFiles/pioneer.dir/home/kunsh/.pico-sdk/sdk/2.2.0/src/rp2_common/pico_unique_id/unique_id.c.o
                0x10005ad0                pico_get_unique_board_id_string
 .text.flash_get_unique_id
                0x10005b2c       0x40 CMakeFiles/pioneer.dir/home/kunsh/.pico-sdk/sdk/2.2.0/src/rp2_common/hardware_flash/flash.c.o
                0x10005b2c                flash_get_unique_id
 .text.hw_endpoint_init
                0x10005b6c       0xbc CMakeFiles/pioneer.dir/home/kunsh/.pico-sdk/sdk/2.2.0/lib/tinyusb/src/portable/raspberrypi/rp2040/dcd_rp2040.c.o
 .text.hw_endpoint_alloc
                0x10005c28       0x48 CMakeFiles/pioneer.dir/home/kunsh/.pico-sdk/sdk/2.2.0/lib/tinyusb/src/portable/raspberrypi/rp2040/dcd_rp2040.c.o
 .text.hw_endpoint_open
                0x10005c70       0x50 CMakeFiles/pioneer.dir/home/kunsh/.pico-sdk/sdk/2.2.0/lib/tinyusb/src/portable/raspberrypi/rp2040/dcd_rp2040.c.o
 .text.hw_endpoint_xfer
                0x10005cc0       0x20 CMakeFiles/pioneer.dir/home/kunsh/.pico-sdk/sdk/2.2.0/lib/tinyusb/src/portable/raspberrypi/rp2040/dcd_rp2040.c.o
 .text.dcd_int_enable
                0x10005ce0       0x2c CMakeFiles/pioneer.dir/home/kunsh/.pico-sdk/sdk/2.2.0/lib/tinyusb/src/portable/raspberrypi/rp2040/dcd_rp2040.c.o
                0x10005ce0                dcd_int_enable
 .text.dcd_set_address
                0x10005d0c       0x2c CMakeFiles/pioneer.dir/home/kunsh/.pico-sdk/sdk/2.2.0/lib/tinyusb/src/portable/raspberrypi/rp2040/dcd_rp2040.c.o
                0x10005d0c                dcd_set_address
 .text.dcd_connect
                0x10005d38       0x10 CMakeFiles/pioneer.dir/home/kunsh/.pico-sdk/sdk/2.2.0/lib/tinyusb/src/portable/raspberrypi/rp2040/dcd_rp2040.c.o
                0x10005d38                dcd_connect
 .text.dcd_init
                0x10005d48       0x80 CMakeFiles/pioneer.dir/home/kunsh/.pico-sdk/sdk/2.2.0/lib/tinyusb/src/portable/raspberrypi/rp2040/dcd_rp2040.c.o
                0x10005d48                dcd_init
 .text.dcd_sof_enable
                0x10005dc8       0x1c CMakeFiles/pioneer.dir/home/kunsh/.pico-sdk/sdk/2.2.0/lib/tinyusb/src/portable/raspberrypi/rp2040/dcd_rp2040.c.o
                0x10005dc8                dcd_sof_enable
 .text.dcd_edpt0_status_complete
                0x10005de4       0x1c CMakeFiles/pioneer.dir/home/kunsh/.pico-sdk/sdk/2.2.0/lib/tinyusb/src/portable/raspberrypi/rp2040/dcd_rp2040.c.o
                0x10005de4                dcd_edpt0_status_complete
 .text.dcd_edpt_open
                0x10005e00       0x26 CMakeFiles/pioneer.dir/home/kunsh/.pico-sdk/sdk/2.2.0/lib/tinyusb/src/portable/raspberrypi/rp2040/dcd_rp2040.c.o
                0x10005e00                dcd_edpt_open
 .text.dcd_edpt_close_all
                0x10005e26        0x8 CMakeFiles/pioneer.dir/home/kunsh/.pico-sdk/sdk/2.2.0/lib/tinyusb/src/portable/raspberrypi/rp2040/dcd_rp2040.c.o
                0x10005e26                dcd_edpt_close_all
 *fill*         0x10005e2e        0x2 
 .text.dcd_edpt_xfer
                0x10005e30       0x30 CMakeFiles/pioneer.dir/home/kunsh/.pico-sdk/sdk/2.2.0/lib/tinyusb/src/portable/raspberrypi/rp2040/dcd_rp2040.c.o
                0x10005e30                dcd_edpt_xfer
 .text.dcd_edpt_stall
                0x10005e60       0x3c CMakeFiles/pioneer.dir/home/kunsh/.pico-sdk/sdk/2.2.0/lib/tinyusb/src/portable/raspberrypi/rp2040/dcd_rp2040.c.o
                0x10005e60                dcd_edpt_stall
 .text.dcd_edpt_clear_stall
                0x10005e9c       0x30 CMakeFiles/pioneer.dir/home/kunsh/.pico-sdk/sdk/2.2.0/lib/tinyusb/src/portable/raspberrypi/rp2040/dcd_rp2040.c.o
                0x10005e9c                dcd_edpt_clear_stall
 .text.unaligned_memcpy
                0x10005ecc       0x14 CMakeFiles/pioneer.dir/home/kunsh/.pico-sdk/sdk/2.2.0/lib/tinyusb/src/portable/raspberrypi/rp2040/rp2040_usb.c.o
 .text.rp2040_usb_init
                0x10005ee0       0x44 CMakeFiles/pioneer.dir/home/kunsh/.pico-sdk/sdk/2.2.0/lib/tinyusb/src/portable/raspberrypi/rp2040/rp2040_usb.c.o
                0x10005ee0                rp2040_usb_init
 .text.hw_endpoint_xfer_start
                0x10005f24       0x60 CMakeFiles/pioneer.dir/home/kunsh/.pico-sdk/sdk/2.2.0/lib/tinyusb/src/portable/raspberrypi/rp2040/rp2040_usb.c.o
                0x10005f24                hw_endpoint_xfer_start
 .text.configuration_reset
                0x10005f84       0x84 CMakeFiles/pioneer.dir/home/kunsh/.pico-sdk/sdk/2.2.0/lib/tinyusb/src/device/usbd.c.o
 .text.usbd_reset
                0x10006008        0xc CMakeFiles/pioneer.dir/home/kunsh/.pico-sdk/sdk/2.2.0/lib/tinyusb/src/device/usbd.c.o
 .text.invoke_class_control
                0x10006014       0x1a CMakeFiles/pioneer.dir/home/kunsh/.pico-sdk/sdk/2.2.0/lib/tinyusb/src/device/usbd.c.o
 *fill*         0x1000602e        0x2 
 .text.process_set_config
                0x10006030      0x1b0 CMakeFiles/pioneer.dir/home/kunsh/.pico-sdk/sdk/2.2.0/lib/tinyusb/src/device/usbd.c.o
 .text.tud_event_hook_cb
                0x100061e0        0x2 CMakeFiles/pioneer.dir/home/kunsh/.pico-sdk/sdk/2.2.0/lib/tinyusb/src/device/usbd.c.o
                0x100061e0                tud_event_hook_cb
 .text.tud_sof_cb
                0x100061e2        0x2 CMakeFiles/pioneer.dir/home/kunsh/.pico-sdk/sdk/2.2.0/lib/tinyusb/src/device/usbd.c.o
                0x100061e2                tud_sof_cb
 .text.tud_descriptor_device_qualifier_cb
                0x100061e4        0x4 CMakeFiles/pioneer.dir/home/kunsh/.pico-sdk/sdk/2.2.0/lib/tinyusb/src/device/usbd.c.o
                0x100061e4                tud_descriptor_device_qualifier_cb
 .text.tud_descriptor_other_speed_configuration_cb
                0x100061e8        0x4 CMakeFiles/pioneer.dir/home/kunsh/.pico-sdk/sdk/2.2.0/lib/tinyusb/src/device/usbd.c.o
                0x100061e8                tud_descriptor_other_speed_configuration_cb
 .text.process_get_descriptor
                0x100061ec       0xe0 CMakeFiles/pioneer.dir/home/kunsh/.pico-sdk/sdk/2.2.0/lib/tinyusb/src/device/usbd.c.o
 .text.tud_mount_cb
                0x100062cc        0x2 CMakeFiles/pioneer.dir/home/kunsh/.pico-sdk/sdk/2.2.0/lib/tinyusb/src/device/usbd.c.o
                0x100062cc                tud_mount_cb
 .text.tud_umount_cb
                0x100062ce        0x2 CMakeFiles/pioneer.dir/home/kunsh/.pico-sdk/sdk/2.2.0/lib/tinyusb/src/device/usbd.c.o
                0x100062ce                tud_umount_cb
 .text.tud_suspend_cb
                0x100062d0        0x2 CMakeFiles/pioneer.dir/home/kunsh/.pico-sdk/sdk/2.2.0/lib/tinyusb/src/device/usbd.c.o
                0x100062d0                tud_suspend_cb
 .text.tud_resume_cb
                0x100062d2        0x2 CMakeFiles/pioneer.dir/home/kunsh/.pico-sdk/sdk/2.2.0/lib/tinyusb/src/device/usbd.c.o
                0x100062d2                tud_resume_cb
 .text.tud_mounted
                0x100062d4       0x10 CMakeFiles/pioneer.dir/home/kunsh/.pico-sdk/sdk/2.2.0/lib/tinyusb/src/device/usbd.c.o
                0x100062d4                tud_mounted
 .text.tud_suspended
                0x100062e4       0x10 CMakeFiles/pioneer.dir/home/kunsh/.pico-sdk/sdk/2.2.0/lib/tinyusb/src/device/usbd.c.o
                0x100062e4                tud_suspended
 .text.tud_inited
                0x100062f4       0x14 CMakeFiles/pioneer.dir/home/kunsh/.pico-sdk/sdk/2.2.0/lib/tinyusb/src/device/usbd.c.o
                0x100062f4                tud_inited
 .text.tud_rhport_init
                0x10006308      0x100 CMakeFiles/pioneer.dir/home/kunsh/.pico-sdk/sdk/2.2.0/lib/tinyusb/src/device/usbd.c.o
                0x10006308                tud_rhport_init
 .text.usbd_edpt_open
                0x10006408       0x60 CMakeFiles/pioneer.dir/home/kunsh/.pico-sdk/sdk/2.2.0/lib/tinyusb/src/device/usbd.c.o
                0x10006408                usbd_edpt_open
 .text.usbd_open_edpt_pair
                0x10006468       0x88 CMakeFiles/pioneer.dir/home/kunsh/.pico-sdk/sdk/2.2.0/lib/tinyusb/src/device/usbd.c.o
                0x10006468                usbd_open_edpt_pair
 .text.usbd_edpt_claim
                0x100064f0       0x28 CMakeFiles/pioneer.dir/home/kunsh/.pico-sdk/sdk/2.2.0/lib/tinyusb/src/device/usbd.c.o
                0x100064f0                usbd_edpt_claim
 .text.usbd_edpt_release
                0x10006518       0x28 CMakeFiles/pioneer.dir/home/kunsh/.pico-sdk/sdk/2.2.0/lib/tinyusb/src/device/usbd.c.o
                0x10006518                usbd_edpt_release
 .text.usbd_edpt_xfer
                0x10006540       0x88 CMakeFiles/pioneer.dir/home/kunsh/.pico-sdk/sdk/2.2.0/lib/tinyusb/src/device/usbd.c.o
                0x10006540                usbd_edpt_xfer
 .text.usbd_edpt_stall
                0x100065c8       0x34 CMakeFiles/pioneer.dir/home/kunsh/.pico-sdk/sdk/2.2.0/lib/tinyusb/src/device/usbd.c.o
                0x100065c8                usbd_edpt_stall
 .text.usbd_edpt_clear_stall
                0x100065fc       0x34 CMakeFiles/pioneer.dir/home/kunsh/.pico-sdk/sdk/2.2.0/lib/tinyusb/src/device/usbd.c.o
                0x100065fc                usbd_edpt_clear_stall
 .text.usbd_edpt_stalled
                0x10006630       0x1c CMakeFiles/pioneer.dir/home/kunsh/.pico-sdk/sdk/2.2.0/lib/tinyusb/src/device/usbd.c.o
                0x10006630                usbd_edpt_stalled
 .text.process_control_request
                0x1000664c      0x38c CMakeFiles/pioneer.dir/home/kunsh/.pico-sdk/sdk/2.2.0/lib/tinyusb/src/device/usbd.c.o
 .text.tud_task_ext
                0x100069d8      0x1d0 CMakeFiles/pioneer.dir/home/kunsh/.pico-sdk/sdk/2.2.0/lib/tinyusb/src/device/usbd.c.o
                0x100069d8                tud_task_ext
 .text.status_stage_xact
                0x10006ba8       0x1a CMakeFiles/pioneer.dir/home/kunsh/.pico-sdk/sdk/2.2.0/lib/tinyusb/src/device/usbd_control.c.o
 *fill*         0x10006bc2        0x2 
 .text.data_stage_xact
                0x10006bc4       0x60 CMakeFiles/pioneer.dir/home/kunsh/.pico-sdk/sdk/2.2.0/lib/tinyusb/src/device/usbd_control.c.o
 .text.tud_control_status
                0x10006c24       0x28 CMakeFiles/pioneer.dir/home/kunsh/.pico-sdk/sdk/2.2.0/lib/tinyusb/src/device/usbd_control.c.o
                0x10006c24                tud_control_status
 .text.tud_control_xfer
                0x10006c4c       0x98 CMakeFiles/pioneer.dir/home/kunsh/.pico-sdk/sdk/2.2.0/lib/tinyusb/src/device/usbd_control.c.o
                0x10006c4c                tud_control_xfer
 .text.usbd_control_reset
                0x10006ce4       0x14 CMakeFiles/pioneer.dir/home/kunsh/.pico-sdk/sdk/2.2.0/lib/tinyusb/src/device/usbd_control.c.o
                0x10006ce4                usbd_control_reset
 .text.usbd_control_set_complete_callback
                0x10006cf8        0xc CMakeFiles/pioneer.dir/home/kunsh/.pico-sdk/sdk/2.2.0/lib/tinyusb/src/device/usbd_control.c.o
                0x10006cf8                usbd_control_set_complete_callback
 .text.usbd_control_set_request
                0x10006d04       0x1c CMakeFiles/pioneer.dir/home/kunsh/.pico-sdk/sdk/2.2.0/lib/tinyusb/src/device/usbd_control.c.o
                0x10006d04                usbd_control_set_request
 .text.usbd_control_xfer_cb
                0x10006d20       0xe0 CMakeFiles/pioneer.dir/home/kunsh/.pico-sdk/sdk/2.2.0/lib/tinyusb/src/device/usbd_control.c.o
                0x10006d20                usbd_control_xfer_cb
 .text._prep_out_transaction
                0x10006e00       0xa0 CMakeFiles/pioneer.dir/home/kunsh/.pico-sdk/sdk/2.2.0/lib/tinyusb/src/class/cdc/cdc_device.c.o
 .text.tud_cdc_n_connected
                0x10006ea0       0x38 CMakeFiles/pioneer.dir/home/kunsh/.pico-sdk/sdk/2.2.0/lib/tinyusb/src/class/cdc/cdc_device.c.o
                0x10006ea0                tud_cdc_n_connected
 .text.tud_cdc_n_available
                0x10006ed8       0x18 CMakeFiles/pioneer.dir/home/kunsh/.pico-sdk/sdk/2.2.0/lib/tinyusb/src/class/cdc/cdc_device.c.o
                0x10006ed8                tud_cdc_n_available
 .text.tud_cdc_n_read
                0x10006ef0       0x38 CMakeFiles/pioneer.dir/home/kunsh/.pico-sdk/sdk/2.2.0/lib/tinyusb/src/class/cdc/cdc_device.c.o
                0x10006ef0                tud_cdc_n_read
 .text.tud_cdc_n_write_flush
                0x10006f28       0xbc CMakeFiles/pioneer.dir/home/kunsh/.pico-sdk/sdk/2.2.0/lib/tinyusb/src/class/cdc/cdc_device.c.o
                0x10006f28                tud_cdc_n_write_flush
 .text.tud_cdc_n_write
                0x10006fe4       0x48 CMakeFiles/pioneer.dir/home/kunsh/.pico-sdk/sdk/2.2.0/lib/tinyusb/src/class/cdc/cdc_device.c.o
                0x10006fe4                tud_cdc_n_write
 .text.tud_cdc_n_write_available
                0x1000702c       0x18 CMakeFiles/pioneer.dir/home/kunsh/.pico-sdk/sdk/2.2.0/lib/tinyusb/src/class/cdc/cdc_device.c.o
                0x1000702c                tud_cdc_n_write_available
 .text.cdcd_init
                0x10007044       0xac CMakeFiles/pioneer.dir/home/kunsh/.pico-sdk/sdk/2.2.0/lib/tinyusb/src/class/cdc/cdc_device.c.o
                0x10007044                cdcd_init
 .text.cdcd_deinit
                0x100070f0       0x48 CMakeFiles/pioneer.dir/home/kunsh/.pico-sdk/sdk/2.2.0/lib/tinyusb/src/class/cdc/cdc_device.c.o
                0x100070f0                cdcd_deinit
 .text.cdcd_reset
                0x10007138       0x70 CMakeFiles/pioneer.dir/home/kunsh/.pico-sdk/sdk/2.2.0/lib/tinyusb/src/class/cdc/cdc_device.c.o
                0x10007138                cdcd_reset
 .text.cdcd_open
                0x100071a8       0xec CMakeFiles/pioneer.dir/home/kunsh/.pico-sdk/sdk/2.2.0/lib/tinyusb/src/class/cdc/cdc_device.c.o
                0x100071a8                cdcd_open
 .text.cdcd_control_xfer_cb
                0x10007294      0x140 CMakeFiles/pioneer.dir/home/kunsh/.pico-sdk/sdk/2.2.0/lib/tinyusb/src/class/cdc/cdc_device.c.o
                0x10007294                cdcd_control_xfer_cb
 .text.cdcd_xfer_cb
                0x100073d4      0x148 CMakeFiles/pioneer.dir/home/kunsh/.pico-sdk/sdk/2.2.0/lib/tinyusb/src/class/cdc/cdc_device.c.o
                0x100073d4                cdcd_xfer_cb
 .text.tud_vendor_n_mounted
                0x1000751c       0x3c CMakeFiles/pioneer.dir/home/kunsh/.pico-sdk/sdk/2.2.0/lib/tinyusb/src/class/vendor/vendor_device.c.o
                0x1000751c                tud_vendor_n_mounted
 .text.tud_vendor_n_write_flush
                0x10007558       0x20 CMakeFiles/pioneer.dir/home/kunsh/.pico-sdk/sdk/2.2.0/lib/tinyusb/src/class/vendor/vendor_device.c.o
                0x10007558                tud_vendor_n_write_flush
 .text.vendord_init
                0x10007578       0x9c CMakeFiles/pioneer.dir/home/kunsh/.pico-sdk/sdk/2.2.0/lib/tinyusb/src/class/vendor/vendor_device.c.o
                0x10007578                vendord_init
 .text.vendord_deinit
                0x10007614       0x34 CMakeFiles/pioneer.dir/home/kunsh/.pico-sdk/sdk/2.2.0/lib/tinyusb/src/class/vendor/vendor_device.c.o
                0x10007614                vendord_deinit
 .text.vendord_reset
                0x10007648       0x50 CMakeFiles/pioneer.dir/home/kunsh/.pico-sdk/sdk/2.2.0/lib/tinyusb/src/class/vendor/vendor_device.c.o
                0x10007648                vendord_reset
 .text.vendord_open
                0x10007698      0x14c CMakeFiles/pioneer.dir/home/kunsh/.pico-sdk/sdk/2.2.0/lib/tinyusb/src/class/vendor/vendor_device.c.o
                0x10007698                vendord_open
 .text.vendord_xfer_cb
                0x100077e4       0xd8 CMakeFiles/pioneer.dir/home/kunsh/.pico-sdk/sdk/2.2.0/lib/tinyusb/src/class/vendor/vendor_device.c.o
                0x100077e4                vendord_xfer_cb
 .text.tusb_rhport_init
                0x100078bc       0x7c CMakeFiles/pioneer.dir/home/kunsh/.pico-sdk/sdk/2.2.0/lib/tinyusb/src/tusb.c.o
                0x100078bc                tusb_rhport_init
 .text.tu_edpt_claim
                0x10007938       0x50 CMakeFiles/pioneer.dir/home/kunsh/.pico-sdk/sdk/2.2.0/lib/tinyusb/src/tusb.c.o
                0x10007938                tu_edpt_claim
 .text.tu_edpt_release
                0x10007988       0x38 CMakeFiles/pioneer.dir/home/kunsh/.pico-sdk/sdk/2.2.0/lib/tinyusb/src/tusb.c.o
                0x10007988                tu_edpt_release
 .text.tu_edpt_validate
                0x100079c0       0xac CMakeFiles/pioneer.dir/home/kunsh/.pico-sdk/sdk/2.2.0/lib/tinyusb/src/tusb.c.o
                0x100079c0                tu_edpt_validate
 .text.tu_edpt_bind_driver
                0x10007a6c       0x26 CMakeFiles/pioneer.dir/home/kunsh/.pico-sdk/sdk/2.2.0/lib/tinyusb/src/tusb.c.o
                0x10007a6c                tu_edpt_bind_driver
 .text.tu_edpt_stream_init
                0x10007a92       0x62 CMakeFiles/pioneer.dir/home/kunsh/.pico-sdk/sdk/2.2.0/lib/tinyusb/src/tusb.c.o
                0x10007a92                tu_edpt_stream_init
 .text.tu_edpt_stream_deinit
                0x10007af4        0x4 CMakeFiles/pioneer.dir/home/kunsh/.pico-sdk/sdk/2.2.0/lib/tinyusb/src/tusb.c.o
                0x10007af4                tu_edpt_stream_deinit
 .text.tu_edpt_stream_write_zlp_if_needed
                0x10007af8       0x80 CMakeFiles/pioneer.dir/home/kunsh/.pico-sdk/sdk/2.2.0/lib/tinyusb/src/tusb.c.o
                0x10007af8                tu_edpt_stream_write_zlp_if_needed
 .text.tu_edpt_stream_write_xfer
                0x10007b78       0x84 CMakeFiles/pioneer.dir/home/kunsh/.pico-sdk/sdk/2.2.0/lib/tinyusb/src/tusb.c.o
                0x10007b78                tu_edpt_stream_write_xfer
 .text.tu_edpt_stream_read_xfer
                0x10007bfc       0xf4 CMakeFiles/pioneer.dir/home/kunsh/.pico-sdk/sdk/2.2.0/lib/tinyusb/src/tusb.c.o
                0x10007bfc                tu_edpt_stream_read_xfer
 .text.advance_index
                0x10007cf0       0x1a CMakeFiles/pioneer.dir/home/kunsh/.pico-sdk/sdk/2.2.0/lib/tinyusb/src/common/tusb_fifo.c.o
 .text._tu_fifo_peek
                0x10007d0a       0x56 CMakeFiles/pioneer.dir/home/kunsh/.pico-sdk/sdk/2.2.0/lib/tinyusb/src/common/tusb_fifo.c.o
 .text._ff_pull_n
                0x10007d60       0x68 CMakeFiles/pioneer.dir/home/kunsh/.pico-sdk/sdk/2.2.0/lib/tinyusb/src/common/tusb_fifo.c.o
 .text._tu_fifo_peek_n
                0x10007dc8       0x6a CMakeFiles/pioneer.dir/home/kunsh/.pico-sdk/sdk/2.2.0/lib/tinyusb/src/common/tusb_fifo.c.o
 .text._tu_fifo_read_n
                0x10007e32       0x4e CMakeFiles/pioneer.dir/home/kunsh/.pico-sdk/sdk/2.2.0/lib/tinyusb/src/common/tusb_fifo.c.o
 .text._ff_push_n
                0x10007e80       0x68 CMakeFiles/pioneer.dir/home/kunsh/.pico-sdk/sdk/2.2.0/lib/tinyusb/src/common/tusb_fifo.c.o
 .text._tu_fifo_write_n
                0x10007ee8       0xf0 CMakeFiles/pioneer.dir/home/kunsh/.pico-sdk/sdk/2.2.0/lib/tinyusb/src/common/tusb_fifo.c.o
 .text.tu_fifo_config
                0x10007fd8       0x7c CMakeFiles/pioneer.dir/home/kunsh/.pico-sdk/sdk/2.2.0/lib/tinyusb/src/common/tusb_fifo.c.o
                0x10007fd8                tu_fifo_config
 .text.tu_fifo_count
                0x10008054       0x2a CMakeFiles/pioneer.dir/home/kunsh/.pico-sdk/sdk/2.2.0/lib/tinyusb/src/common/tusb_fifo.c.o
                0x10008054                tu_fifo_count
 .text.tu_fifo_empty
                0x1000807e        0xe CMakeFiles/pioneer.dir/home/kunsh/.pico-sdk/sdk/2.2.0/lib/tinyusb/src/common/tusb_fifo.c.o
                0x1000807e                tu_fifo_empty
 .text.tu_fifo_full
                0x1000808c       0x28 CMakeFiles/pioneer.dir/home/kunsh/.pico-sdk/sdk/2.2.0/lib/tinyusb/src/common/tusb_fifo.c.o
                0x1000808c                tu_fifo_full
 .text.tu_fifo_remaining
                0x100080b4       0x2c CMakeFiles/pioneer.dir/home/kunsh/.pico-sdk/sdk/2.2.0/lib/tinyusb/src/common/tusb_fifo.c.o
                0x100080b4                tu_fifo_remaining
 .text.tu_fifo_read
                0x100080e0       0x42 CMakeFiles/pioneer.dir/home/kunsh/.pico-sdk/sdk/2.2.0/lib/tinyusb/src/common/tusb_fifo.c.o
                0x100080e0                tu_fifo_read
 .text.tu_fifo_read_n
                0x10008122        0xa CMakeFiles/pioneer.dir/home/kunsh/.pico-sdk/sdk/2.2.0/lib/tinyusb/src/common/tusb_fifo.c.o
                0x10008122                tu_fifo_read_n
 .text.tu_fifo_write
                0x1000812c       0x64 CMakeFiles/pioneer.dir/home/kunsh/.pico-sdk/sdk/2.2.0/lib/tinyusb/src/common/tusb_fifo.c.o
                0x1000812c                tu_fifo_write
 .text.tu_fifo_write_n
                0x10008190        0xa CMakeFiles/pioneer.dir/home/kunsh/.pico-sdk/sdk/2.2.0/lib/tinyusb/src/common/tusb_fifo.c.o
                0x10008190                tu_fifo_write_n
 .text.tu_fifo_clear
                0x1000819a       0x3e CMakeFiles/pioneer.dir/home/kunsh/.pico-sdk/sdk/2.2.0/lib/tinyusb/src/common/tusb_fifo.c.o
                0x1000819a                tu_fifo_clear
 .text.tu_fifo_set_overwritable
                0x100081d8       0x46 CMakeFiles/pioneer.dir/home/kunsh/.pico-sdk/sdk/2.2.0/lib/tinyusb/src/common/tusb_fifo.c.o
                0x100081d8                tu_fifo_set_overwritable
 *fill*         0x1000821e        0x2 
 .text.i2c_unreset
                0x10008220       0x2c CMakeFiles/pioneer.dir/home/kunsh/.pico-sdk/sdk/2.2.0/src/rp2_common/hardware_i2c/i2c.c.o
 .text.i2c_write_blocking_internal
                0x1000824c      0x158 CMakeFiles/pioneer.dir/home/kunsh/.pico-sdk/sdk/2.2.0/src/rp2_common/hardware_i2c/i2c.c.o
 .text.i2c_read_blocking_internal
                0x100083a4      0x102 CMakeFiles/pioneer.dir/home/kunsh/.pico-sdk/sdk/2.2.0/src/rp2_common/hardware_i2c/i2c.c.o
 *fill*         0x100084a6        0x2 
 .text.i2c_set_baudrate
                0x100084a8       0xf0 CMakeFiles/pioneer.dir/home/kunsh/.pico-sdk/sdk/2.2.0/src/rp2_common/hardware_i2c/i2c.c.o
                0x100084a8                i2c_set_baudrate
 .text.i2c_init
                0x10008598       0x54 CMakeFiles/pioneer.dir/home/kunsh/.pico-sdk/sdk/2.2.0/src/rp2_common/hardware_i2c/i2c.c.o
                0x10008598                i2c_init
 .text.i2c_write_blocking
                0x100085ec       0x18 CMakeFiles/pioneer.dir/home/kunsh/.pico-sdk/sdk/2.2.0/src/rp2_common/hardware_i2c/i2c.c.o
                0x100085ec                i2c_write_blocking
 .text.i2c_read_blocking
                0x10008604       0x18 CMakeFiles/pioneer.dir/home/kunsh/.pico-sdk/sdk/2.2.0/src/rp2_common/hardware_i2c/i2c.c.o
                0x10008604                i2c_read_blocking
 .text          0x1000861c       0x10 /usr/lib/gcc/arm-none-eabi/13.2.1/../../../arm-none-eabi/lib/thumb/v6-m/nofp/libg.a(libc_a-atexit.o)
                0x1000861c                atexit
 .text          0x1000862c       0x5c /usr/lib/gcc/arm-none-eabi/13.2.1/../../../arm-none-eabi/lib/thumb/v6-m/nofp/libg.a(libc_a-strlen-stub.o)
                0x1000862c                strlen
 .text          0x10008688       0x28 /usr/lib/gcc/arm-none-eabi/13.2.1/../../../arm-none-eabi/lib/thumb/v6-m/nofp/libg.a(libc_a-fini.o)
                0x10008688                __libc_fini_array
 .text          0x100086b0       0x78 /usr/lib/gcc/arm-none-eabi/13.2.1/../../../arm-none-eabi/lib/thumb/v6-m/nofp/libg.a(libc_a-__atexit.o)
                0x100086b0                __register_exitproc
 .text.startup  0x10008728       0x18 /usr/lib/gcc/arm-none-eabi/13.2.1/../../../arm-none-eabi/lib/thumb/v6-m/nofp/libg.a(libc_a-__call_atexit.o)
 *(.fini)
 .fini          0x10008740        0x4 /usr/lib/gcc/arm-none-eabi/13.2.1/thumb/v6-m/nofp/crti.o
                0x10008740                _fini
 *fill*         0x10008744        0x4 
 .fini.__stub   0x10008748       0xd0 linker stubs
 *crtbegin.o(.ctors)
 *crtbegin?.o(.ctors)
 *(EXCLUDE_FILE(*crtend.o *crtend?.o) .ctors)
 *(SORT_BY_NAME(.ctors.*))
 *(.ctors)
 *crtbegin.o(.dtors)
 *crtbegin?.o(.dtors)
 *(EXCLUDE_FILE(*crtend.o *crtend?.o) .dtors)
 *(SORT_BY_NAME(.dtors.*))
 *(.dtors)
                0x10008818                        . = ALIGN (0x4)
                0x10008818                        PROVIDE (__preinit_array_start = .)
 *(SORT_BY_NAME(.preinit_array.*))
 .preinit_array.00100
                0x10008818        0x4 CMakeFiles/pioneer.dir/home/kunsh/.pico-sdk/sdk/2.2.0/src/rp2_common/pico_runtime_init/runtime_init.c.o
                0x10008818                __pre_init_runtime_init_early_resets
 .preinit_array.00101
                0x1000881c        0x4 CMakeFiles/pioneer.dir/home/kunsh/.pico-sdk/sdk/2.2.0/src/rp2_common/pico_runtime_init/runtime_init.c.o
                0x1000881c                __pre_init_runtime_init_usb_power_down
 .preinit_array.00275
                0x10008820        0x4 CMakeFiles/pioneer.dir/home/kunsh/.pico-sdk/sdk/2.2.0/src/rp2_common/pico_bit_ops/bit_ops_aeabi.S.o
 .preinit_array.00300
                0x10008824        0x4 CMakeFiles/pioneer.dir/home/kunsh/.pico-sdk/sdk/2.2.0/src/rp2_common/pico_mem_ops/mem_ops_aeabi.S.o
 .preinit_array.00350
                0x10008828        0x4 CMakeFiles/pioneer.dir/home/kunsh/.pico-sdk/sdk/2.2.0/src/rp2_common/pico_double/double_aeabi_rp2040.S.o
 .preinit_array.00350
                0x1000882c        0x4 CMakeFiles/pioneer.dir/home/kunsh/.pico-sdk/sdk/2.2.0/src/rp2_common/pico_float/float_aeabi_rp2040.S.o
 .preinit_array.00500
                0x10008830        0x4 CMakeFiles/pioneer.dir/home/kunsh/.pico-sdk/sdk/2.2.0/src/rp2_common/pico_runtime_init/runtime_init.c.o
                0x10008830                __pre_init_runtime_init_clocks
 .preinit_array.00600
                0x10008834        0x4 CMakeFiles/pioneer.dir/home/kunsh/.pico-sdk/sdk/2.2.0/src/rp2_common/pico_runtime_init/runtime_init.c.o
                0x10008834                __pre_init_runtime_init_post_clock_resets
 .preinit_array.00700
                0x10008838        0x4 CMakeFiles/pioneer.dir/home/kunsh/.pico-sdk/sdk/2.2.0/src/rp2_common/pico_runtime_init/runtime_init.c.o
                0x10008838                __pre_init_runtime_init_rp2040_gpio_ie_disable
 .preinit_array.01000
                0x1000883c        0x4 CMakeFiles/pioneer.dir/home/kunsh/.pico-sdk/sdk/2.2.0/src/rp2_common/pico_runtime_init/runtime_init.c.o
                0x1000883c                __pre_init_runtime_init_spin_locks_reset
 .preinit_array.01100
                0x10008840        0x4 CMakeFiles/pioneer.dir/home/kunsh/.pico-sdk/sdk/2.2.0/src/common/pico_sync/mutex.c.o
                0x10008840                __pre_init_runtime_init_mutex
 .preinit_array.10080
                0x10008844        0x4 CMakeFiles/pioneer.dir/home/kunsh/.pico-sdk/sdk/2.2.0/src/rp2_common/pico_runtime_init/runtime_init.c.o
                0x10008844                __pre_init_runtime_init_install_ram_vector_table
 .preinit_array.11000
                0x10008848        0x4 CMakeFiles/pioneer.dir/home/kunsh/.pico-sdk/sdk/2.2.0/src/common/pico_time/time.c.o
                0x10008848                __pre_init_runtime_init_default_alarm_pool
 .preinit_array.YYYYY
                0x1000884c        0x4 CMakeFiles/pioneer.dir/home/kunsh/.pico-sdk/sdk/2.2.0/src/rp2_common/pico_runtime/runtime.c.o
                0x1000884c                __pre_init_first_per_core_initializer
 .preinit_array.ZZZZZ.01200
                0x10008850        0x4 CMakeFiles/pioneer.dir/home/kunsh/.pico-sdk/sdk/2.2.0/src/rp2_common/hardware_irq/irq.c.o
                0x10008850                __pre_init_runtime_init_per_core_irq_priorities
 *(.preinit_array)
                0x10008854                        PROVIDE (__preinit_array_end = .)
                0x10008854                        . = ALIGN (0x4)
                0x10008854                        PROVIDE (__init_array_start = .)
 *(SORT_BY_NAME(.init_array.*))
 .init_array.00000
                0x10008854        0x4 /usr/lib/gcc/arm-none-eabi/13.2.1/../../../arm-none-eabi/lib/thumb/v6-m/nofp/libg.a(libc_a-__call_atexit.o)
 .init_array.01000
                0x10008858        0x4 CMakeFiles/pioneer.dir/home/kunsh/.pico-sdk/sdk/2.2.0/src/rp2_common/pico_unique_id/unique_id.c.o
 *(.init_array)
 .init_array    0x1000885c        0x4 /usr/lib/gcc/arm-none-eabi/13.2.1/thumb/v6-m/nofp/crtbegin.o
                0x10008860                        PROVIDE (__init_array_end = .)
                0x10008860                        . = ALIGN (0x4)
                0x10008860                        PROVIDE (__fini_array_start = .)
 *(SORT_BY_NAME(.fini_array.*))
 *(.fini_array)
                0x10008860                        PROVIDE (__fini_array_end = .)
 *(.eh_frame*)
 .eh_frame      0x10008860        0x0 /usr/lib/gcc/arm-none-eabi/13.2.1/thumb/v6-m/nofp/crtbegin.o
                0x10008860                        . = ALIGN (0x4)

.glue_7         0x10008860        0x0
 .glue_7        0x10008860        0x0 linker stubs

.glue_7t        0x10008860        0x0
 .glue_7t       0x10008860        0x0 linker stubs

.vfp11_veneer   0x10008860        0x0
 .vfp11_veneer  0x10008860        0x0 linker stubs

.v4_bx          0x10008860        0x0
 .v4_bx         0x10008860        0x0 linker stubs

.iplt           0x10008860        0x0
 .iplt          0x10008860        0x0 /usr/lib/gcc/arm-none-eabi/13.2.1/thumb/v6-m/nofp/crtbegin.o

.rodata         0x10008860     0x1670
 *(EXCLUDE_FILE(*libm.a: *libc.a:*lib_a-mem*.o *libgcc.a:) .rodata*)
 .rodata.main.str1.4
                0x10008860      0xde2 CMakeFiles/pioneer.dir/user/main.cpp.o
                                 0x6b (size before relaxing)
 .rodata._Z10blink_testv.str1.4
                0x10009642       0x40 CMakeFiles/pioneer.dir/ARK/kernel/loops.cpp.o
 .rodata._ZN5LoopsC2Ev.str1.4
                0x10009642       0x4d CMakeFiles/pioneer.dir/ARK/kernel/loops.cpp.o
 .rodata._ZN5Loops15StreamTelemetryEv.str1.4
                0x10009642       0x18 CMakeFiles/pioneer.dir/ARK/kernel/loops.cpp.o
 *fill*         0x10009642        0x2 
 .rodata._ZN5Loops3RunEv
                0x10009644       0x2c CMakeFiles/pioneer.dir/ARK/kernel/loops.cpp.o
 .rodata.rp2040_chip_version.str1.4
                0x10009670       0x79 CMakeFiles/pioneer.dir/home/kunsh/.pico-sdk/sdk/2.2.0/src/rp2040/pico_platform/platform.c.o
 .rodata.__func__.0
                0x10009670       0x14 CMakeFiles/pioneer.dir/home/kunsh/.pico-sdk/sdk/2.2.0/src/rp2040/pico_platform/platform.c.o
 .rodata.panic.str1.4
                0x10009684       0x12 CMakeFiles/pioneer.dir/home/kunsh/.pico-sdk/sdk/2.2.0/src/rp2_common/pico_platform_panic/panic.c.o
 .rodata.spin_lock_claim_unused.str1.4
                0x10009684       0x1b CMakeFiles/pioneer.dir/home/kunsh/.pico-sdk/sdk/2.2.0/src/rp2_common/hardware_sync/sync.c.o
 .rodata.resolve_j_16.str1.4
                0x10009684       0x5a CMakeFiles/pioneer.dir/home/kunsh/.pico-sdk/sdk/2.2.0/src/rp2_common/hardware_irq/irq.c.o
 .rodata.make_j_16.str1.4
                0x10009684       0x30 CMakeFiles/pioneer.dir/home/kunsh/.pico-sdk/sdk/2.2.0/src/rp2_common/hardware_irq/irq.c.o
 .rodata.insert_bl_32.str1.4
                0x10009684       0x10 CMakeFiles/pioneer.dir/home/kunsh/.pico-sdk/sdk/2.2.0/src/rp2_common/hardware_irq/irq.c.o
 .rodata.irq_set_exclusive_handler.str1.4
                0x10009684       0x36 CMakeFiles/pioneer.dir/home/kunsh/.pico-sdk/sdk/2.2.0/src/rp2_common/hardware_irq/irq.c.o
 .rodata.irq_add_shared_handler.str1.4
                0x10009684       0xd2 CMakeFiles/pioneer.dir/home/kunsh/.pico-sdk/sdk/2.2.0/src/rp2_common/hardware_irq/irq.c.o
 .rodata.irq_remove_handler.str1.4
                0x10009684       0x3a CMakeFiles/pioneer.dir/home/kunsh/.pico-sdk/sdk/2.2.0/src/rp2_common/hardware_irq/irq.c.o
 .rodata.irq_add_tail_to_free_list.str1.4
                0x10009684       0x3a CMakeFiles/pioneer.dir/home/kunsh/.pico-sdk/sdk/2.2.0/src/rp2_common/hardware_irq/irq.c.o
 .rodata.user_irq_claim_unused.str1.4
                0x10009684       0x1b CMakeFiles/pioneer.dir/home/kunsh/.pico-sdk/sdk/2.2.0/src/rp2_common/hardware_irq/irq.c.o
 .rodata.__func__.0
                0x10009684       0x1a CMakeFiles/pioneer.dir/home/kunsh/.pico-sdk/sdk/2.2.0/src/rp2_common/hardware_irq/irq.c.o
 *fill*         0x1000969e        0x2 
 .rodata.__func__.1
                0x100096a0        0xd CMakeFiles/pioneer.dir/home/kunsh/.pico-sdk/sdk/2.2.0/src/rp2_common/hardware_irq/irq.c.o
 *fill*         0x100096ad        0x3 
 .rodata.__func__.2
                0x100096b0       0x13 CMakeFiles/pioneer.dir/home/kunsh/.pico-sdk/sdk/2.2.0/src/rp2_common/hardware_irq/irq.c.o
 *fill*         0x100096c3        0x1 
 .rodata.__func__.3
                0x100096c4        0xa CMakeFiles/pioneer.dir/home/kunsh/.pico-sdk/sdk/2.2.0/src/rp2_common/hardware_irq/irq.c.o
 *fill*         0x100096ce        0x2 
 .rodata.__func__.4
                0x100096d0        0xd CMakeFiles/pioneer.dir/home/kunsh/.pico-sdk/sdk/2.2.0/src/rp2_common/hardware_irq/irq.c.o
 *fill*         0x100096dd        0x3 
 .rodata.__func__.5
                0x100096e0       0x17 CMakeFiles/pioneer.dir/home/kunsh/.pico-sdk/sdk/2.2.0/src/rp2_common/hardware_irq/irq.c.o
 *fill*         0x100096f7        0x1 
 .rodata.__func__.6
                0x100096f8       0x1a CMakeFiles/pioneer.dir/home/kunsh/.pico-sdk/sdk/2.2.0/src/rp2_common/hardware_irq/irq.c.o
 .rodata.runtime_init_mutex.str1.4
                0x10009712       0x5d CMakeFiles/pioneer.dir/home/kunsh/.pico-sdk/sdk/2.2.0/src/common/pico_sync/mutex.c.o
 .rodata.str1.4
                0x10009712       0x51 CMakeFiles/pioneer.dir/home/kunsh/.pico-sdk/sdk/2.2.0/src/common/pico_sync/mutex.c.o
 *fill*         0x10009712        0x2 
 .rodata.__func__.1
                0x10009714        0xb CMakeFiles/pioneer.dir/home/kunsh/.pico-sdk/sdk/2.2.0/src/common/pico_sync/mutex.c.o
 *fill*         0x1000971f        0x1 
 .rodata.__func__.3
                0x10009720       0x18 CMakeFiles/pioneer.dir/home/kunsh/.pico-sdk/sdk/2.2.0/src/common/pico_sync/mutex.c.o
 .rodata.__func__.6
                0x10009738       0x13 CMakeFiles/pioneer.dir/home/kunsh/.pico-sdk/sdk/2.2.0/src/common/pico_sync/mutex.c.o
 .rodata.alarm_pool_irq_handler.str1.4
                0x1000974b       0x68 CMakeFiles/pioneer.dir/home/kunsh/.pico-sdk/sdk/2.2.0/src/common/pico_time/time.c.o
 .rodata.alarm_pool_get_default.str1.4
                0x1000974b       0x21 CMakeFiles/pioneer.dir/home/kunsh/.pico-sdk/sdk/2.2.0/src/common/pico_time/time.c.o
 .rodata.sleep_until.str1.4
                0x1000974b       0x4d CMakeFiles/pioneer.dir/home/kunsh/.pico-sdk/sdk/2.2.0/src/common/pico_time/time.c.o
 *fill*         0x1000974b        0x1 
 .rodata.__func__.1
                0x1000974c       0x17 CMakeFiles/pioneer.dir/home/kunsh/.pico-sdk/sdk/2.2.0/src/common/pico_time/time.c.o
 *fill*         0x10009763        0x1 
 .rodata.__func__.2
                0x10009764       0x17 CMakeFiles/pioneer.dir/home/kunsh/.pico-sdk/sdk/2.2.0/src/common/pico_time/time.c.o
 .rodata.timer_hardware_alarm_claim.str1.4
                0x1000977b       0x22 CMakeFiles/pioneer.dir/home/kunsh/.pico-sdk/sdk/2.2.0/src/rp2_common/hardware_timer/timer.c.o
 .rodata.pll_init.str1.4
                0x1000977b      0x118 CMakeFiles/pioneer.dir/home/kunsh/.pico-sdk/sdk/2.2.0/src/rp2_common/hardware_pll/pll.c.o
 *fill*         0x1000977b        0x1 
 .rodata.__func__.0
                0x1000977c        0x9 CMakeFiles/pioneer.dir/home/kunsh/.pico-sdk/sdk/2.2.0/src/rp2_common/hardware_pll/pll.c.o
 .rodata.__aeabi_double_init.str1.4
                0x10009785       0x98 CMakeFiles/pioneer.dir/home/kunsh/.pico-sdk/sdk/2.2.0/src/rp2_common/pico_double/double_init_rom_rp2040.c.o
 *fill*         0x10009785        0x3 
 .rodata.__func__.0
                0x10009788       0x14 CMakeFiles/pioneer.dir/home/kunsh/.pico-sdk/sdk/2.2.0/src/rp2_common/pico_double/double_init_rom_rp2040.c.o
 .rodata.__aeabi_float_init.str1.4
                0x1000979c       0x8a CMakeFiles/pioneer.dir/home/kunsh/.pico-sdk/sdk/2.2.0/src/rp2_common/pico_float/float_init_rom_rp2040.c.o
 .rodata.__func__.0
                0x1000979c       0x13 CMakeFiles/pioneer.dir/home/kunsh/.pico-sdk/sdk/2.2.0/src/rp2_common/pico_float/float_init_rom_rp2040.c.o
 .rodata.str1.4
                0x100097af       0x3c CMakeFiles/pioneer.dir/home/kunsh/.pico-sdk/sdk/2.2.0/src/rp2_common/pico_standard_binary_info/standard_binary_info.c.o
 *fill*         0x100097af        0x1 
 .rodata.__bi_84
                0x100097b0        0xc CMakeFiles/pioneer.dir/home/kunsh/.pico-sdk/sdk/2.2.0/src/rp2_common/pico_standard_binary_info/standard_binary_info.c.o
 .rodata.__bi_78
                0x100097bc        0xc CMakeFiles/pioneer.dir/home/kunsh/.pico-sdk/sdk/2.2.0/src/rp2_common/pico_standard_binary_info/standard_binary_info.c.o
 .rodata.__bi_54